Component: ARM Compiler 5.06 update 7 (build 960) Tool: armlink [4d3601]

==============================================================================

Section Cross References

    startup_lpc17xx.o(STACK) refers (Special) to heapauxi.o(.text) for __use_two_region_memory
    startup_lpc17xx.o(HEAP) refers (Special) to heapauxi.o(.text) for __use_two_region_memory
    startup_lpc17xx.o(RESET) refers (Special) to heapauxi.o(.text) for __use_two_region_memory
    startup_lpc17xx.o(RESET) refers to startup_lpc17xx.o(STACK) for __initial_sp
    startup_lpc17xx.o(RESET) refers to startup_lpc17xx.o(.text) for Reset_Handler
    startup_lpc17xx.o(RESET) refers to irq_timer.o(.text) for TIMER0_IRQHandler
    startup_lpc17xx.o(RESET) refers to irq_adc.o(.text) for ADC_IRQHandler
    startup_lpc17xx.o(RESET) refers to irq_rit.o(.text) for RIT_IRQHandler
    startup_lpc17xx.o(.ARM.__at_0x02FC) refers (Special) to heapauxi.o(.text) for __use_two_region_memory
    startup_lpc17xx.o(.text) refers (Special) to heapauxi.o(.text) for __use_two_region_memory
    startup_lpc17xx.o(.text) refers to __main.o(!!!main) for __main
    startup_lpc17xx.o(.text) refers to startup_lpc17xx.o(HEAP) for Heap_Mem
    startup_lpc17xx.o(.text) refers to startup_lpc17xx.o(STACK) for Stack_Mem
    sample.o(.text) refers to system_lpc17xx.o(.text) for SystemInit
    sample.o(.text) refers to glcd.o(.text) for LCD_Initialization
    sample.o(.text) refers to touchpanel.o(.text) for TP_Init
    sample.o(.text) refers to lib_joystick.o(.text) for joystick_init
    sample.o(.text) refers to lib_adc.o(.text) for ADC_init
    sample.o(.text) refers to tamagotchi.o(.text) for Tamagotchi_init
    system_lpc17xx.o(.text) refers to system_lpc17xx.o(.data) for SystemFrequency
    irq_timer.o(.text) refers to _printf_pad.o(.text) for _printf_pre_padding
    irq_timer.o(.text) refers to _printf_percent.o(.ARM.Collect$$_printf_percent$$00000000) for _printf_percent
    irq_timer.o(.text) refers to _printf_d.o(.ARM.Collect$$_printf_percent$$00000009) for _printf_d
    irq_timer.o(.text) refers to _printf_dec.o(.text) for _printf_int_dec
    irq_timer.o(.text) refers to noretval__2sprintf.o(.text) for __2sprintf
    irq_timer.o(.text) refers to glcd.o(.text) for GUI_Text
    irq_timer.o(.text) refers to tamagotchi.o(.text) for Tamagotchi_gameover
    irq_timer.o(.text) refers to lib_adc.o(.text) for ADC_start_conversion
    irq_timer.o(.text) refers to irq_adc.o(.text) for getVolume
    irq_timer.o(.text) refers to fflt_clz.o(x$fpl$ffltu) for __aeabi_ui2f
    irq_timer.o(.text) refers to fmul.o(x$fpl$fmul) for __aeabi_fmul
    irq_timer.o(.text) refers to fdiv.o(x$fpl$fdiv) for __aeabi_fdiv
    irq_timer.o(.text) refers to f2d.o(x$fpl$f2d) for __aeabi_f2d
    irq_timer.o(.text) refers to dmul.o(x$fpl$dmul) for __aeabi_dmul
    irq_timer.o(.text) refers to dfixu.o(x$fpl$dfixu) for __aeabi_d2uiz
    irq_timer.o(.text) refers to lib_timer.o(.text) for disable_timer
    irq_timer.o(.text) refers to tamagotchi.o(.data) for ss
    irq_timer.o(.text) refers to irq_timer.o(.data) for count_cuddles
    asciilib.o(.text) refers to rt_memcpy_v6.o(.text) for __aeabi_memcpy
    asciilib.o(.text) refers to asciilib.o(.constdata) for AsciiLib
    glcd.o(.text) refers to glcd.o(.data) for LCD_Code
    glcd.o(.text) refers to asciilib.o(.text) for GetASCIICode
    glcd.o(.text) refers to glcd.o(.constdata) for FRAME0_pixel_data
    glcd.o(.text) refers to irq_adc.o(.text) for checkVolume
    glcd.o(.text) refers to tamagotchi.o(.data) for curr_posX
    glcd.o(.text) refers to irq_timer.o(.data) for frame
    hzlib.o(.text) refers to rt_memcpy_v6.o(.text) for __aeabi_memcpy
    hzlib.o(.text) refers to hzlib.o(.constdata) for HzLib
    tamagotchi.o(.text) refers to music.o(.text) for isNotePlaying
    tamagotchi.o(.text) refers to glcd.o(.text) for GUI_Text
    tamagotchi.o(.text) refers to lib_timer.o(.text) for enable_timer
    tamagotchi.o(.text) refers to lib_adc.o(.text) for ADC_start_conversion
    tamagotchi.o(.text) refers to lib_rit.o(.text) for init_RIT
    tamagotchi.o(.text) refers to tamagotchi.o(.data) for ticks
    tamagotchi.o(.text) refers to glcd.o(.data) for posY_left
    tamagotchi.o(.text) refers to irq_timer.o(.data) for count_anim
    tamagotchi.o(.text) refers to touchpanel.o(.data) for display
    tamagotchi.o(.data) refers to tamagotchi.o(.conststring) for .conststring
    irq_rit.o(.text) refers to music.o(.text) for isNotePlaying
    irq_rit.o(.text) refers to lib_adc.o(.text) for ADC_start_conversion
    irq_rit.o(.text) refers to tamagotchi.o(.text) for check_gameover
    irq_rit.o(.text) refers to lib_rit.o(.text) for disable_RIT
    irq_rit.o(.text) refers to touchpanel.o(.text) for Read_Ads7846
    irq_rit.o(.text) refers to irq_rit.o(.data) for ticks
    irq_rit.o(.text) refers to tamagotchi.o(.data) for current_action
[...]
    libinit.o(.ARM.Collect$$libinit$$00000000) refers (Special) to libinit2.o(.ARM.Collect$$libinit$$00000019) for __rt_lib_init_lc_time_1
    libinit.o(.ARM.Collect$$libinit$$00000000) refers (Special) to libinit2.o(.ARM.Collect$$libinit$$00000004) for __rt_lib_init_preinit_1
    libinit.o(.ARM.Collect$$libinit$$00000000) refers (Special) to libinit2.o(.ARM.Collect$$libinit$$0000000E) for __rt_lib_init_rand_1
    libinit.o(.ARM.Collect$$libinit$$00000000) refers (Special) to libinit2.o(.ARM.Collect$$libinit$$00000033) for __rt_lib_init_return
    libinit.o(.ARM.Collect$$libinit$$00000000) refers (Special) to libinit2.o(.ARM.Collect$$libinit$$0000001D) for __rt_lib_init_signal_1
    libinit.o(.ARM.Collect$$libinit$$00000000) refers (Special) to libinit2.o(.ARM.Collect$$libinit$$00000025) for __rt_lib_init_stdio_1
    libinit.o(.ARM.Collect$$libinit$$00000000) refers (Special) to libinit2.o(.ARM.Collect$$libinit$$0000000C) for __rt_lib_init_user_alloc_1
    libspace.o(.text) refers to libspace.o(.bss) for __libspace_start
    rtexit.o(.ARM.Collect$$rtexit$$00000000) refers (Special) to rtexit2.o(.ARM.Collect$$rtexit$$00000004) for __rt_exit_exit
    rtexit.o(.ARM.Collect$$rtexit$$00000000) refers (Special) to rtexit2.o(.ARM.Collect$$rtexit$$00000003) for __rt_exit_ls
    rtexit.o(.ARM.Collect$$rtexit$$00000000) refers (Special) to rtexit2.o(.ARM.Collect$$rtexit$$00000002) for __rt_exit_prels_1
    rtexit.o(.ARM.exidx) refers (Special) to rtexit2.o(.ARM.Collect$$rtexit$$00000004) for __rt_exit_exit
    rtexit.o(.ARM.exidx) refers (Special) to rtexit2.o(.ARM.Collect$$rtexit$$00000003) for __rt_exit_ls
    rtexit.o(.ARM.exidx) refers (Special) to rtexit2.o(.ARM.Collect$$rtexit$$00000002) for __rt_exit_prels_1
    rtexit.o(.ARM.exidx) refers to rtexit.o(.ARM.Collect$$rtexit$$00000000) for .ARM.Collect$$rtexit$$00000000
    libinit2.o(.ARM.Collect$$libinit$$00000010) refers to libinit2.o(.ARM.Collect$$libinit$$0000000F) for .ARM.Collect$$libinit$$0000000F
    libinit2.o(.ARM.Collect$$libinit$$00000012) refers to libinit2.o(.ARM.Collect$$libinit$$0000000F) for .ARM.Collect$$libinit$$0000000F
    libinit2.o(.ARM.Collect$$libinit$$00000014) refers to libinit2.o(.ARM.Collect$$libinit$$0000000F) for .ARM.Collect$$libinit$$0000000F
    libinit2.o(.ARM.Collect$$libinit$$00000016) refers to libinit2.o(.ARM.Collect$$libinit$$0000000F) for .ARM.Collect$$libinit$$0000000F
    libinit2.o(.ARM.Collect$$libinit$$00000018) refers to libinit2.o(.ARM.Collect$$libinit$$0000000F) for .ARM.Collect$$libinit$$0000000F
    libinit2.o(.ARM.Collect$$libinit$$00000026) refers to argv_veneer.o(.emb_text) for __ARM_argv_veneer
    libinit2.o(.ARM.Collect$$libinit$$00000027) refers to argv_veneer.o(.emb_text) for __ARM_argv_veneer
    rtexit2.o(.ARM.Collect$$rtexit$$00000003) refers to libshutdown.o(.ARM.Collect$$libshutdown$$00000000) for __rt_lib_shutdown
    rtexit2.o(.ARM.Collect$$rtexit$$00000004) refers to sys_exit.o(.text) for _sys_exit
    rtexit2.o(.ARM.exidx) refers to rtexit2.o(.ARM.Collect$$rtexit$$00000001) for .ARM.Collect$$rtexit$$00000001
    rtexit2.o(.ARM.exidx) refers to rtexit2.o(.ARM.Collect$$rtexit$$00000003) for .ARM.Collect$$rtexit$$00000003
    rtexit2.o(.ARM.exidx) refers to rtexit2.o(.ARM.Collect$$rtexit$$00000004) for .ARM.Collect$$rtexit$$00000004
    argv_veneer.o(.emb_text) refers to no_argv.o(.text) for __ARM_get_argv
    sys_exit.o(.text) refers (Special) to use_no_semi.o(.text) for __I$use$semihosting
    sys_exit.o(.text) refers (Special) to indicate_semi.o(.text) for __semihosting_library_function
    _get_argv_nomalloc.o(.text) refers (Special) to hrguard.o(.text) for __heap_region$guard
    _get_argv_nomalloc.o(.text) refers to defsig_rtmem_outer.o(.text) for __rt_SIGRTMEM
    _get_argv_nomalloc.o(.text) refers to sys_command.o(.text) for _sys_command_string
    libshutdown.o(.ARM.Collect$$libshutdown$$00000000) refers (Special) to libshutdown2.o(.ARM.Collect$$libshutdown$$00000004) for __rt_lib_shutdown_cpp_1
    libshutdown.o(.ARM.Collect$$libshutdown$$00000000) refers (Special) to libshutdown2.o(.ARM.Collect$$libshutdown$$00000002) for __rt_lib_shutdown_fini_1
    libshutdown.o(.ARM.Collect$$libshutdown$$00000000) refers (Special) to libshutdown2.o(.ARM.Collect$$libshutdown$$00000009) for __rt_lib_shutdown_fp_trap_1
    libshutdown.o(.ARM.Collect$$libshutdown$$00000000) refers (Special) to libshutdown2.o(.ARM.Collect$$libshutdown$$00000011) for __rt_lib_shutdown_heap_1
    libshutdown.o(.ARM.Collect$$libshutdown$$00000000) refers (Special) to libshutdown2.o(.ARM.Collect$$libshutdown$$00000012) for __rt_lib_shutdown_return
    libshutdown.o(.ARM.Collect$$libshutdown$$00000000) refers (Special) to libshutdown2.o(.ARM.Collect$$libshutdown$$0000000C) for __rt_lib_shutdown_signal_1
    libshutdown.o(.ARM.Collect$$libshutdown$$00000000) refers (Special) to libshutdown2.o(.ARM.Collect$$libshutdown$$00000006) for __rt_lib_shutdown_stdio_1
    libshutdown.o(.ARM.Collect$$libshutdown$$00000000) refers (Special) to libshutdown2.o(.ARM.Collect$$libshutdown$$0000000E) for __rt_lib_shutdown_user_alloc_1
    sys_command.o(.text) refers (Special) to use_no_semi.o(.text) for __I$use$semihosting
    sys_command.o(.text) refers (Special) to indicate_semi.o(.text) for __semihosting_library_function
    defsig_rtmem_outer.o(.text) refers to defsig_rtmem_inner.o(.text) for __rt_SIGRTMEM_inner
    defsig_rtmem_outer.o(.text) refers to defsig_exit.o(.text) for __sig_exit
    defsig_rtmem_formal.o(.text) refers to rt_raise.o(.text) for __rt_raise
    rt_raise.o(.text) refers to __raise.o(.text) for __raise
    rt_raise.o(.text) refers to sys_exit.o(.text) for _sys_exit
    defsig_exit.o(.text) refers to sys_exit.o(.text) for _sys_exit
    defsig_rtmem_inner.o(.text) refers to defsig_general.o(.text) for __default_signal_display
    __raise.o(.text) refers to defsig.o(CL$$defsig) for __default_signal_handler
    defsig_general.o(.text) refers to sys_wrch.o(.text) for _ttywrch
    sys_wrch.o(.text) refers (Special) to use_no_semi.o(.text) for __I$use$semihosting
    sys_wrch.o(.text) refers (Special) to indicate_semi.o(.text) for __semihosting_library_function
    defsig.o(CL$$defsig) refers to defsig_rtmem_inner.o(.text) for __rt_SIGRTMEM_inner
    defsig_abrt_inner.o(.text) refers to defsig_general.o(.text) for __default_signal_display
    defsig_fpe_inner.o(.text) refers to defsig_general.o(.text) for __default_signal_display
    defsig_rtred_inner.o(.text) refers to defsig_general.o(.text) for __default_signal_display
    defsig_stak_inner.o(.text) refers to defsig_general.o(.text) for __default_signal_display
    defsig_pvfn_inner.o(.text) refers to defsig_general.o(.text) for __default_signal_display
    defsig_cppl_inner.o(.text) refers to defsig_general.o(.text) for __default_signal_display
    defsig_segv_inner.o(.text) refers to defsig_general.o(.text) for __default_signal_display
    defsig_other.o(.text) refers to defsig_general.o(.text) for __default_signal_display


==============================================================================

Removing Unused input sections from the image.

    Removing sample.o(.rev16_text), (4 bytes).
    Removing sample.o(.revsh_text), (4 bytes).
    Removing sample.o(.rrx_text), (6 bytes).
    Removing core_cm3.o(.emb_text), (32 bytes).
    Removing system_lpc17xx.o(.rev16_text), (4 bytes).
    Removing system_lpc17xx.o(.revsh_text), (4 bytes).
    Removing system_lpc17xx.o(.rrx_text), (6 bytes).
    Removing irq_timer.o(.rev16_text), (4 bytes).
    Removing irq_timer.o(.revsh_text), (4 bytes).
    Removing irq_timer.o(.rrx_text), (6 bytes).
    Removing lib_timer.o(.rev16_text), (4 bytes).
    Removing lib_timer.o(.revsh_text), (4 bytes).
    Removing lib_timer.o(.rrx_text), (6 bytes).
    Removing glcd.o(.rev16_text), (4 bytes).
    Removing glcd.o(.revsh_text), (4 bytes).
    Removing glcd.o(.rrx_text), (6 bytes).
    Removing hzlib.o(.text), (52 bytes).
    Removing hzlib.o(.constdata), (216576 bytes).
    Removing frame0.o(.constdata), (2821 bytes).
    Removing frame1.o(.constdata), (2821 bytes).
    Removing mushroom.o(.constdata), (801 bytes).
    Removing frame2.o(.constdata), (2821 bytes).
    Removing star.o(.constdata), (761 bytes).
    Removing heart.o(.constdata), (801 bytes).
    Removing volume_inactive.o(.constdata), (2049 bytes).
    Removing volume_low.o(.constdata), (2049 bytes).
    Removing volume_max.o(.constdata), (2049 bytes).
    Removing volume_mid.o(.constdata), (2049 bytes).
    Removing tamagotchi.o(.rev16_text), (4 bytes).
    Removing tamagotchi.o(.revsh_text), (4 bytes).
    Removing tamagotchi.o(.rrx_text), (6 bytes).
    Removing irq_rit.o(.rev16_text), (4 bytes).
    Removing irq_rit.o(.revsh_text), (4 bytes).
    Removing irq_rit.o(.rrx_text), (6 bytes).
    Removing lib_rit.o(.rev16_text), (4 bytes).
    Removing lib_rit.o(.revsh_text), (4 bytes).
    Removing lib_rit.o(.rrx_text), (6 bytes).
    Removing lib_joystick.o(.rev16_text), (4 bytes).
    Removing lib_joystick.o(.revsh_text), (4 bytes).
    Removing lib_joystick.o(.rrx_text), (6 bytes).
    Removing touchpanel.o(.rev16_text), (4 bytes).
    Removing touchpanel.o(.revsh_text), (4 bytes).
    Removing touchpanel.o(.rrx_text), (6 bytes).
    Removing irq_adc.o(.rev16_text), (4 bytes).
    Removing irq_adc.o(.revsh_text), (4 bytes).
    Removing irq_adc.o(.rrx_text), (6 bytes).
    Removing lib_adc.o(.rev16_text), (4 bytes).
    Removing lib_adc.o(.revsh_text), (4 bytes).
    Removing lib_adc.o(.rrx_text), (6 bytes).
    Removing music.o(.rev16_text), (4 bytes).
    Removing music.o(.revsh_text), (4 bytes).
    Removing music.o(.rrx_text), (6 bytes).

52 unused section(s) (total 235864 bytes) removed from the image.

==============================================================================

Image Symbol Table

    Local Symbols

    Symbol Name                              Value     Ov Type        Size  Object(Section)

    RESET                                    0x00000000   Section      204  startup_lpc17xx.o(RESET)
    ../clib/angel/boardlib.s                 0x00000000   Number         0  boardshut.o ABSOLUTE
    ../clib/angel/boardlib.s                 0x00000000   Number         0  boardinit3.o ABSOLUTE
    ../clib/angel/boardlib.s                 0x00000000   Number         0  boardinit2.o ABSOLUTE
    ../clib/angel/boardlib.s                 0x00000000   Number         0  boardinit1.o ABSOLUTE
    ../clib/angel/dczerorl2.s                0x00000000   Number         0  __dczerorl2.o ABSOLUTE
    ../clib/angel/handlers.s                 0x00000000   Number         0  __scatter_copy.o ABSOLUTE
    ../clib/angel/handlers.s                 0x00000000   Number         0  __scatter_zi.o ABSOLUTE
    ../clib/angel/kernel.s                   0x00000000   Number         0  __rtentry4.o ABSOLUTE
    ../clib/angel/kernel.s                   0x00000000   Number         0  __rtentry.o ABSOLUTE
    ../clib/angel/kernel.s                   0x00000000   Number         0  __rtentry2.o ABSOLUTE
    ../clib/angel/kernel.s                   0x00000000   Number         0  rtexit2.o ABSOLUTE
    ../clib/angel/kernel.s                   0x00000000   Number         0  rtexit.o ABSOLUTE
    ../clib/angel/rt.s                       0x00000000   Number         0  rt_raise.o ABSOLUTE
    ../clib/angel/scatter.s                  0x00000000   Number         0  __scatter.o ABSOLUTE
    ../clib/angel/startup.s                  0x00000000   Number         0  __main.o ABSOLUTE
    ../clib/angel/sys.s                      0x00000000   Number         0  libspace.o ABSOLUTE
    ../clib/angel/sys.s                      0x00000000   Number         0  use_no_semi.o ABSOLUTE
    ../clib/angel/sys.s                      0x00000000   Number         0  indicate_semi.o ABSOLUTE
    ../clib/angel/sys.s                      0x00000000   Number         0  sys_stackheap_outer.o ABSOLUTE
    ../clib/angel/sysapp.c                   0x00000000   Number         0  sys_command.o ABSOLUTE
    ../clib/angel/sysapp.c                   0x00000000   Number         0  sys_exit.o ABSOLUTE
    ../clib/angel/sysapp.c                   0x00000000   Number         0  sys_wrch.o ABSOLUTE
    ../clib/armsys.c                         0x00000000   Number         0  no_argv.o ABSOLUTE
    ../clib/armsys.c                         0x00000000   Number         0  argv_veneer.o ABSOLUTE
    ../clib/armsys.c                         0x00000000   Number         0  argv_veneer.o ABSOLUTE
    ../clib/armsys.c                         0x00000000   Number         0  _get_argv_nomalloc.o ABSOLUTE
    ../clib/heapalloc.c                      0x00000000   Number         0  hrguard.o ABSOLUTE
    ../clib/heapaux.c                        0x00000000   Number         0  heapauxi.o ABSOLUTE
    ../clib/libinit.s                        0x00000000   Number         0  libinit2.o ABSOLUTE
    ../clib/libinit.s                        0x00000000   Number         0  libinit.o ABSOLUTE
    ../clib/libinit.s                        0x00000000   Number         0  libshutdown2.o ABSOLUTE
    ../clib/libinit.s                        0x00000000   Number         0  libshutdown.o ABSOLUTE
    ../clib/memcpset.s                       0x00000000   Number         0  rt_memclr_w.o ABSOLUTE
    ../clib/memcpset.s                       0x00000000   Number         0  rt_memcpy_v6.o ABSOLUTE
    ../clib/memcpset.s                       0x00000000   Number         0  rt_memcpy_w.o ABSOLUTE
    ../clib/misc.s                           0x00000000   Number         0  printf_stubs.o ABSOLUTE
    ../clib/printf.c                         0x00000000   Number         0  __printf_flags_ss_wp.o ABSOLUTE
    ../clib/printf.c                         0x00000000   Number         0  __printf_ss_wp.o ABSOLUTE
    ../clib/printf.c                         0x00000000   Number         0  __printf_flags_wp.o ABSOLUTE
    ../clib/printf.c                         0x00000000   Number         0  __printf_nopercent.o ABSOLUTE
    ../clib/printf.c                         0x00000000   Number         0  noretval__2sprintf.o ABSOLUTE
    ../clib/printf.c                         0x00000000   Number         0  __printf.o ABSOLUTE
    ../clib/printf.c                         0x00000000   Number         0  _printf_pad.o ABSOLUTE
    ../clib/printf.c                         0x00000000   Number         0  _sputc.o ABSOLUTE
    ../clib/printf.c                         0x00000000   Number         0  _printf_char_common.o ABSOLUTE
    ../clib/printf.c                         0x00000000   Number         0  _printf_dec.o ABSOLUTE
    ../clib/printf.c                         0x00000000   Number         0  __printf_flags.o ABSOLUTE
    ../clib/printf.c                         0x00000000   Number         0  __printf_ss.o ABSOLUTE
    ../clib/printf.c                         0x00000000   Number         0  __printf_flags_ss.o ABSOLUTE
    ../clib/printf.c                         0x00000000   Number         0  __2sprintf.o ABSOLUTE
    ../clib/printf.c                         0x00000000   Number         0  __printf_wp.o ABSOLUTE
    ../clib/printf.c                         0x00000000   Number         0  _printf_intcommon.o ABSOLUTE
    ../clib/printf_percent.s                 0x00000000   Number         0  _printf_percent_end.o ABSOLUTE
    ../clib/printf_percent.s                 0x00000000   Number         0  _printf_d.o ABSOLUTE
    ../clib/printf_percent.s                 0x00000000   Number         0  _printf_percent.o ABSOLUTE
    ../clib/signal.c                         0x00000000   Number         0  defsig_cppl_inner.o ABSOLUTE
    ../clib/signal.c                         0x00000000   Number         0  defsig_pvfn_inner.o ABSOLUTE
    ../clib/signal.c                         0x00000000   Number         0  defsig_stak_inner.o ABSOLUTE
    ../clib/signal.c                         0x00000000   Number         0  defsig_rtred_inner.o ABSOLUTE
    ../clib/signal.c                         0x00000000   Number         0  defsig_fpe_inner.o ABSOLUTE
    ../clib/signal.c                         0x00000000   Number         0  defsig_abrt_inner.o ABSOLUTE
    ../clib/signal.c                         0x00000000   Number         0  defsig_general.o ABSOLUTE
    ../clib/signal.c                         0x00000000   Number         0  __raise.o ABSOLUTE
    ../clib/signal.c                         0x00000000   Number         0  defsig_rtmem_inner.o ABSOLUTE
    ../clib/signal.c                         0x00000000   Number         0  defsig_exit.o ABSOLUTE
    ../clib/signal.c                         0x00000000   Number         0  defsig_rtmem_formal.o ABSOLUTE
    ../clib/signal.c                         0x00000000   Number         0  defsig_rtmem_outer.o ABSOLUTE
    ../clib/signal.c                         0x00000000   Number         0  defsig_segv_inner.o ABSOLUTE
    ../clib/signal.c                         0x00000000   Number         0  defsig_other.o ABSOLUTE
    ../clib/signal.s                         0x00000000   Number         0  defsig.o ABSOLUTE
    ../clib/stdlib.c                         0x00000000   Number         0  exit.o ABSOLUTE
    ../fplib/daddsub.s                       0x00000000   Number         0  daddsub_clz.o ABSOLUTE
    ../fplib/dcmpi.s                         0x00000000   Number         0  dcmpi.o ABSOLUTE
    ../fplib/ddiv.s                          0x00000000   Number         0  ddiv.o ABSOLUTE
    ../fplib/deqf.s                          0x00000000   Number         0  deqf.o ABSOLUTE
    ../fplib/dfixu.s                         0x00000000   Number         0  dfixu.o ABSOLUTE
    ../fplib/dflt.s                          0x00000000   Number         0  dflt_clz.o ABSOLUTE
    ../fplib/dmul.s                          0x00000000   Number         0  dmul.o ABSOLUTE
    ../fplib/dnaninf.s                       0x00000000   Number         0  dnaninf.o ABSOLUTE
    ../fplib/dretinf.s                       0x00000000   Number         0  dretinf.o ABSOLUTE
    ../fplib/f2d.s                           0x00000000   Number         0  f2d.o ABSOLUTE
    ../fplib/fdiv.s                          0x00000000   Number         0  fdiv.o ABSOLUTE
    ../fplib/fflt.s                          0x00000000   Number         0  fflt_clz.o ABSOLUTE
    ../fplib/fmul.s                          0x00000000   Number         0  fmul.o ABSOLUTE
    ../fplib/fnaninf.s                       0x00000000   Number         0  fnaninf.o ABSOLUTE
    ../fplib/fpinit.s                        0x00000000   Number         0  fpinit.o ABSOLUTE
    ../fplib/fretinf.s                       0x00000000   Number         0  fretinf.o ABSOLUTE
    ../fplib/usenofp.s                       0x00000000   Number         0  usenofp.o ABSOLUTE
    GLCD\AsciiLib.c                          0x00000000   Number         0  asciilib.o ABSOLUTE
    GLCD\GLCD.c                              0x00000000   Number         0  glcd.o ABSOLUTE
    GLCD\HzLib.c                             0x00000000   Number         0  hzlib.o ABSOLUTE
    GLCD\\GLCD.c                             0x00000000   Number         0  glcd.o ABSOLUTE
    GLCD\frame0.c                            0x00000000   Number         0  frame0.o ABSOLUTE
    GLCD\frame1.c                            0x00000000   Number         0  frame1.o ABSOLUTE
    GLCD\frame2.c                            0x00000000   Number         0  frame2.o ABSOLUTE
    GLCD\heart.c                             0x00000000   Number         0  heart.o ABSOLUTE
    GLCD\mushroom.c                          0x00000000   Number         0  mushroom.o ABSOLUTE
    GLCD\star.c                              0x00000000   Number         0  star.o ABSOLUTE
    GLCD\volume_inactive.c                   0x00000000   Number         0  volume_inactive.o ABSOLUTE
    GLCD\volume_low.c                        0x00000000   Number         0  volume_low.o ABSOLUTE
    GLCD\volume_max.c                        0x00000000   Number         0  volume_max.o ABSOLUTE
    GLCD\volume_mid.c                        0x00000000   Number         0  volume_mid.o ABSOLUTE
    RIT\IRQ_RIT.c                            0x00000000   Number         0  irq_rit.o ABSOLUTE
    RIT\\IRQ_RIT.c                           0x00000000   Number         0  irq_rit.o ABSOLUTE
    RIT\\lib_RIT.c                           0x00000000   Number         0  lib_rit.o ABSOLUTE
    RIT\lib_RIT.c                            0x00000000   Number         0  lib_rit.o ABSOLUTE
    TouchPanel\TouchPanel.c                  0x00000000   Number         0  touchpanel.o ABSOLUTE
    TouchPanel\\TouchPanel.c                 0x00000000   Number         0  touchpanel.o ABSOLUTE
    adc\IRQ_adc.c                            0x00000000   Number         0  irq_adc.o ABSOLUTE
    adc\\IRQ_adc.c                           0x00000000   Number         0  irq_adc.o ABSOLUTE
    adc\\lib_adc.c                           0x00000000   Number         0  lib_adc.o ABSOLUTE
    adc\lib_adc.c                            0x00000000   Number         0  lib_adc.o ABSOLUTE
    core_cm3.c                               0x00000000   Number         0  core_cm3.o ABSOLUTE
    core_cm3.c                               0x00000000   Number         0  core_cm3.o ABSOLUTE
    dc.s                                     0x00000000   Number         0  dc.o ABSOLUTE
    joystick\\lib_joystick.c                 0x00000000   Number         0  lib_joystick.o ABSOLUTE
    joystick\lib_joystick.c                  0x00000000   Number         0  lib_joystick.o ABSOLUTE
    music\\music.c                           0x00000000   Number         0  music.o ABSOLUTE
    music\music.c                            0x00000000   Number         0  music.o ABSOLUTE
    sample.c                                 0x00000000   Number         0  sample.o ABSOLUTE
    sample.c                                 0x00000000   Number         0  sample.o ABSOLUTE
    startup_LPC17xx.s                        0x00000000   Number         0  startup_lpc17xx.o ABSOLUTE
    system_LPC17xx.c                         0x00000000   Number         0  system_lpc17xx.o ABSOLUTE
    system_LPC17xx.c                         0x00000000   Number         0  system_lpc17xx.o ABSOLUTE
    tamagotchi.c                             0x00000000   Number         0  tamagotchi.o ABSOLUTE
    tamagotchi.c                             0x00000000   Number         0  tamagotchi.o ABSOLUTE
    timer\IRQ_timer.c                        0x00000000   Number         0  irq_timer.o ABSOLUTE
    timer\\IRQ_timer.c                       0x00000000   Number         0  irq_timer.o ABSOLUTE
    timer\\lib_timer.c                       0x00000000   Number         0  lib_timer.o ABSOLUTE
    timer\lib_timer.c                        0x00000000   Number         0  lib_timer.o ABSOLUTE
    !!!main                                  0x000000cc   Section        8  __main.o(!!!main)
    !!!scatter                               0x000000d4   Section       52  __scatter.o(!!!scatter)
    !!dczerorl2                              0x00000108   Section       90  __dczerorl2.o(!!dczerorl2)
    !!handler_copy                           0x00000164   Section       26  __scatter_copy.o(!!handler_copy)
    !!handler_zi                             0x00000180   Section       28  __scatter_zi.o(!!handler_zi)
    .ARM.Collect$$_printf_percent$$00000000  0x0000019c   Section        0  _printf_percent.o(.ARM.Collect$$_printf_percent$$00000000)
    .ARM.Collect$$_printf_percent$$00000009  0x0000019c   Section        6  _printf_d.o(.ARM.Collect$$_printf_percent$$00000009)
    .ARM.Collect$$_printf_percent$$00000017  0x000001a2   Section        4  _printf_percent_end.o(.ARM.Collect$$_printf_percent$$00000017)
    .ARM.Collect$$libinit$$00000000          0x000001a6   Section        2  libinit.o(.ARM.Collect$$libinit$$00000000)
    .ARM.Collect$$libinit$$00000002          0x000001a8   Section        0  libinit2.o(.ARM.Collect$$libinit$$00000002)
    .ARM.Collect$$libinit$$00000004          0x000001a8   Section        0  libinit2.o(.ARM.Collect$$libinit$$00000004)
    .ARM.Collect$$libinit$$0000000A          0x000001a8   Section        0  libinit2.o(.ARM.Collect$$libinit$$0000000A)
    .ARM.Collect$$libinit$$0000000C          0x000001a8   Section        0  libinit2.o(.ARM.Collect$$libinit$$0000000C)
    .ARM.Collect$$libinit$$0000000E          0x000001a8   Section        0  libinit2.o(.ARM.Collect$$libinit$$0000000E)
    .ARM.Collect$$libinit$$00000011          0x000001a8   Section        0  libinit2.o(.ARM.Collect$$libinit$$00000011)
    .ARM.Collect$$libinit$$00000013          0x000001a8   Section        0  libinit2.o(.ARM.Collect$$libinit$$00000013)
    .ARM.Collect$$libinit$$00000015          0x000001a8   Section        0  libinit2.o(.ARM.Collect$$libinit$$00000015)
    .ARM.Collect$$libinit$$00000017          0x000001a8   Section        0  libinit2.o(.ARM.Collect$$libinit$$00000017)
    .ARM.Collect$$libinit$$00000019          0x000001a8   Section        0  libinit2.o(.ARM.Collect$$libinit$$00000019)
    .ARM.Collect$$libinit$$0000001B          0x000001a8   Section        0  libinit2.o(.ARM.Collect$$libinit$$0000001B)
    .ARM.Collect$$libinit$$0000001D          0x000001a8   Section        0  libinit2.o(.ARM.Collect$$libinit$$0000001D)
    .ARM.Collect$$libinit$$0000001F          0x000001a8   Section        0  libinit2.o(.ARM.Collect$$libinit$$0000001F)
    .ARM.Collect$$libinit$$00000021          0x000001a8   Section        0  libinit2.o(.ARM.Collect$$libinit$$00000021)
    .ARM.Collect$$libinit$$00000023          0x000001a8   Section        0  libinit2.o(.ARM.Collect$$libinit$$00000023)
    .ARM.Collect$$libinit$$00000025          0x000001a8   Section        0  libinit2.o(.ARM.Collect$$libinit$$00000025)
    .ARM.Collect$$libinit$$0000002C          0x000001a8   Section        0  libinit2.o(.ARM.Collect$$libinit$$0000002C)
    .ARM.Collect$$libinit$$0000002E          0x000001a8   Section        0  libinit2.o(.ARM.Collect$$libinit$$0000002E)
    .ARM.Collect$$libinit$$00000030          0x000001a8   Section        0  libinit2.o(.ARM.Collect$$libinit$$00000030)
    .ARM.Collect$$libinit$$00000032          0x000001a8   Section        0  libinit2.o(.ARM.Collect$$libinit$$00000032)
    .ARM.Collect$$libinit$$00000033          0x000001a8   Section        2  libinit2.o(.ARM.Collect$$libinit$$00000033)
    .ARM.Collect$$libshutdown$$00000000      0x000001aa   Section        2  libshutdown.o(.ARM.Collect$$libshutdown$$00000000)
    .ARM.Collect$$libshutdown$$00000002      0x000001ac   Section        0  libshutdown2.o(.ARM.Collect$$libshutdown$$00000002)
    .ARM.Collect$$libshutdown$$00000004      0x000001ac   Section        0  libshutdown2.o(.ARM.Collect$$libshutdown$$00000004)
    .ARM.Collect$$libshutdown$$00000006      0x000001ac   Section        0  libshutdown2.o(.ARM.Collect$$libshutdown$$00000006)
    .ARM.Collect$$libshutdown$$00000009      0x000001ac   Section        0  libshutdown2.o(.ARM.Collect$$libshutdown$$00000009)
    .ARM.Collect$$libshutdown$$0000000C      0x000001ac   Section        0  libshutdown2.o(.ARM.Collect$$libshutdown$$0000000C)
    .ARM.Collect$$libshutdown$$0000000E      0x000001ac   Section        0  libshutdown2.o(.ARM.Collect$$libshutdown$$0000000E)
    .ARM.Collect$$libshutdown$$00000011      0x000001ac   Section        0  libshutdown2.o(.ARM.Collect$$libshutdown$$00000011)
    .ARM.Collect$$libshutdown$$00000012      0x000001ac   Section        2  libshutdown2.o(.ARM.Collect$$libshutdown$$00000012)
    .ARM.Collect$$rtentry$$00000000          0x000001ae   Section        0  __rtentry.o(.ARM.Collect$$rtentry$$00000000)
    .ARM.Collect$$rtentry$$00000002          0x000001ae   Section        0  __rtentry2.o(.ARM.Collect$$rtentry$$00000002)
    .ARM.Collect$$rtentry$$00000004          0x000001ae   Section        6  __rtentry4.o(.ARM.Collect$$rtentry$$00000004)
    .ARM.Collect$$rtentry$$00000009          0x000001b4   Section        0  __rtentry2.o(.ARM.Collect$$rtentry$$00000009)
    .ARM.Collect$$rtentry$$0000000A          0x000001b4   Section        4  __rtentry2.o(.ARM.Collect$$rtentry$$0000000A)
    .ARM.Collect$$rtentry$$0000000C          0x000001b8   Section        0  __rtentry2.o(.ARM.Collect$$rtentry$$0000000C)
    .ARM.Collect$$rtentry$$0000000D          0x000001b8   Section        8  __rtentry2.o(.ARM.Collect$$rtentry$$0000000D)
    .ARM.Collect$$rtexit$$00000000           0x000001c0   Section        2  rtexit.o(.ARM.Collect$$rtexit$$00000000)
    .ARM.Collect$$rtexit$$00000002           0x000001c2   Section        0  rtexit2.o(.ARM.Collect$$rtexit$$00000002)
    .ARM.Collect$$rtexit$$00000003           0x000001c2   Section        4  rtexit2.o(.ARM.Collect$$rtexit$$00000003)
    .ARM.Collect$$rtexit$$00000004           0x000001c6   Section        6  rtexit2.o(.ARM.Collect$$rtexit$$00000004)
    .text                                    0x000001cc   Section       52  startup_lpc17xx.o(.text)
    .text                                    0x00000200   Section        0  sample.o(.text)
    __NVIC_SetPriority                       0x00000201   Thumb Code    32  sample.o(.text)
    .text                                    0x000002c4   Section        0  asciilib.o(.text)
    .text                                    0x000002e4   Section        0  heapauxi.o(.text)
    .text                                    0x000002ea   Section        0  _sputc.o(.text)
    .text                                    0x000002f4   Section        8  libspace.o(.text)
    .ARM.__at_0x02FC                         0x000002fc   Section        4  startup_lpc17xx.o(.ARM.__at_0x02FC)
    .text                                    0x00000300   Section        0  system_lpc17xx.o(.text)
    .text                                    0x0000052c   Section        0  irq_timer.o(.text)
    .text                                    0x00000858   Section        0  lib_timer.o(.text)
    __NVIC_EnableIRQ                         0x00000859   Thumb Code    34  lib_timer.o(.text)
    .text                                    0x00000990   Section        0  glcd.o(.text)
    LCD_Configuration                        0x00000991   Thumb Code    20  glcd.o(.text)
    wait_delay                               0x000009a5   Thumb Code    12  glcd.o(.text)
    LCD_SetCursor                            0x000009b1   Thumb Code  1356  glcd.o(.text)
    delay_ms                                 0x00000efd   Thumb Code    30  glcd.o(.text)
    LCD_BGR2RGB                              0x000066b1   Thumb Code    26  glcd.o(.text)
    .text                                    0x000078bc   Section        0  tamagotchi.o(.text)
    .text                                    0x00008098   Section        0  irq_rit.o(.text)
    .text                                    0x000082a4   Section        0  lib_rit.o(.text)
    .text                                    0x00008364   Section        0  lib_joystick.o(.text)
    .text                                    0x000083b8   Section        0  touchpanel.o(.text)
    ADS7843_SPI_Init                         0x000083c9   Thumb Code   128  touchpanel.o(.text)
    DelayUS                                  0x00008467   Thumb Code    28  touchpanel.o(.text)
    WR_CMD                                   0x00008483   Thumb Code    56  touchpanel.o(.text)
    RD_AD                                    0x000084bb   Thumb Code    42  touchpanel.o(.text)
    .text                                    0x00008d38   Section        0  irq_adc.o(.text)
    .text                                    0x00008e00   Section        0  lib_adc.o(.text)
    .text                                    0x00008e98   Section        0  music.o(.text)
    .text                                    0x00008ee8   Section        0  noretval__2sprintf.o(.text)
    .text                                    0x00008f10   Section        0  _printf_pad.o(.text)
    .text                                    0x00008f60   Section        0  _printf_dec.o(.text)
    .text                                    0x00008fd8   Section        0  __printf_flags_wp.o(.text)
    .text                                    0x00009110   Section      138  rt_memcpy_v6.o(.text)
    .text                                    0x0000919a   Section       78  rt_memclr_w.o(.text)
    .text                                    0x000091e8   Section        0  _printf_intcommon.o(.text)
    .text                                    0x0000929c   Section        0  _printf_char_common.o(.text)
    _printf_input_char                       0x0000929d   Thumb Code    10  _printf_char_common.o(.text)
    .text                                    0x000092cc   Section      100  rt_memcpy_w.o(.text)
    .text                                    0x00009330   Section       74  sys_stackheap_outer.o(.text)
    .text                                    0x0000937a   Section        0  exit.o(.text)
    .text                                    0x0000938c   Section        0  sys_exit.o(.text)
    .text                                    0x00009398   Section        2  use_no_semi.o(.text)
    .text                                    0x0000939a   Section        0  indicate_semi.o(.text)
    i._is_digit                              0x0000939a   Section        0  __printf_wp.o(i._is_digit)
    x$fpl$dadd                               0x000093a8   Section      336  daddsub_clz.o(x$fpl$dadd)
    _dadd1                                   0x000093b9   Thumb Code     0  daddsub_clz.o(x$fpl$dadd)
    x$fpl$dcmpinf                            0x000094f8   Section       24  dcmpi.o(x$fpl$dcmpinf)
    x$fpl$ddiv                               0x00009510   Section      688  ddiv.o(x$fpl$ddiv)
    ddiv_entry                               0x00009517   Thumb Code     0  ddiv.o(x$fpl$ddiv)
    x$fpl$deqf                               0x000097c0   Section      120  deqf.o(x$fpl$deqf)
    x$fpl$dfixu                              0x00009838   Section       90  dfixu.o(x$fpl$dfixu)
    x$fpl$dflt                               0x00009892   Section       46  dflt_clz.o(x$fpl$dflt)
    x$fpl$dfltu                              0x000098c0   Section       38  dflt_clz.o(x$fpl$dfltu)
    x$fpl$dmul                               0x000098e8   Section      340  dmul.o(x$fpl$dmul)
    x$fpl$dnaninf                            0x00009a3c   Section      156  dnaninf.o(x$fpl$dnaninf)
    x$fpl$dretinf                            0x00009ad8   Section       12  dretinf.o(x$fpl$dretinf)
    x$fpl$dsub                               0x00009ae4   Section      468  daddsub_clz.o(x$fpl$dsub)
    _dsub1                                   0x00009af5   Thumb Code     0  daddsub_clz.o(x$fpl$dsub)
    x$fpl$f2d                                0x00009cb8   Section       86  f2d.o(x$fpl$f2d)
    x$fpl$fdiv                               0x00009d10   Section      388  fdiv.o(x$fpl$fdiv)
    _fdiv1                                   0x00009d11   Thumb Code     0  fdiv.o(x$fpl$fdiv)
    x$fpl$ffltu                              0x00009e94   Section       38  fflt_clz.o(x$fpl$ffltu)
    x$fpl$fmul                               0x00009ebc   Section      258  fmul.o(x$fpl$fmul)
    x$fpl$fnaninf                            0x00009fbe   Section      140  fnaninf.o(x$fpl$fnaninf)
    x$fpl$fretinf                            0x0000a04a   Section       10  fretinf.o(x$fpl$fretinf)
    .constdata                               0x0000a054   Section     1520  asciilib.o(.constdata)
    x$fpl$usenofp                            0x0000a054   Section        0  usenofp.o(x$fpl$usenofp)
    AsciiLib                                 0x0000a054   Data        1520  asciilib.o(.constdata)
    .constdata                               0x0000a644   Section    19022  glcd.o(.constdata)
    FRAME0_pixel_data                        0x0000a644   Data        2821  glcd.o(.constdata)
    FRAME1_pixel_data                        0x0000b149   Data        2821  glcd.o(.constdata)
    FRAME2_pixel_data                        0x0000bc4e   Data        2821  glcd.o(.constdata)
    STAR_pixel_data                          0x0000c753   Data         761  glcd.o(.constdata)
    MUSHROOM_pixel_data                      0x0000ca4c   Data         801  glcd.o(.constdata)
    HEART_pixel_data                         0x0000cd6d   Data         801  glcd.o(.constdata)
    VOLUME_INACTIVE_pixel_data               0x0000d08e   Data        2049  glcd.o(.constdata)
    VOLUME_LOW_pixel_data                    0x0000d88f   Data        2049  glcd.o(.constdata)
    VOLUME_MID_pixel_data                    0x0000e090   Data        2049  glcd.o(.constdata)
    VOLUME_MAX_pixel_data                    0x0000e891   Data        2049  glcd.o(.constdata)
    .constdata                               0x0000f092   Section       17  __printf_flags_wp.o(.constdata)
    maptable                                 0x0000f092   Data          17  __printf_flags_wp.o(.constdata)
    .conststring                             0x0000f0a4   Section        9  tamagotchi.o(.conststring)
    .data                                    0x10000000   Section        4  system_lpc17xx.o(.data)
    .data                                    0x10000004   Section        9  glcd.o(.data)
    LCD_Code                                 0x1000000c   Data           1  glcd.o(.data)
    STACK                                    0x10000010   Section     1024  startup_lpc17xx.o(STACK)
    Stack_Mem                                0x10000010   Data        1024  startup_lpc17xx.o(STACK)
    __initial_sp                             0x10000410   Data           0  startup_lpc17xx.o(STACK)
    .data                                    0x2007c000   Section      108  irq_timer.o(.data)
    sineticks                                0x2007c064   Data           4  irq_timer.o(.data)
    currentValue                             0x2007c068   Data           4  irq_timer.o(.data)
    .data                                    0x2007c06c   Section      688  tamagotchi.o(.data)
    str                                      0x2007c080   Data           4  tamagotchi.o(.data)
    currentNote                              0x2007c084   Data           4  tamagotchi.o(.data)
    ticks                                    0x2007c088   Data           4  tamagotchi.o(.data)
    .data                                    0x2007c31c   Section       48  irq_rit.o(.data)
    select                                   0x2007c334   Data           4  irq_rit.o(.data)
    left                                     0x2007c338   Data           4  irq_rit.o(.data)
    right                                    0x2007c33c   Data           4  irq_rit.o(.data)
    tp                                       0x2007c340   Data           4  irq_rit.o(.data)
    currentNote                              0x2007c344   Data           4  irq_rit.o(.data)
    ticks                                    0x2007c348   Data           4  irq_rit.o(.data)
    .data                                    0x2007c34c   Section       20  touchpanel.o(.data)
    screen                                   0x2007c35c   Data           4  touchpanel.o(.data)
    .data                                    0x2007c360   Section        5  irq_adc.o(.data)
    ticks                                    0x2007c364   Data           1  irq_adc.o(.data)
    .bss                                     0x2007c368   Section       68  touchpanel.o(.bss)
    .bss                                     0x2007c3ac   Section       96  libspace.o(.bss)
    HEAP                                     0x2007c410   Section        0  startup_lpc17xx.o(HEAP)
    Heap_Mem                                 0x2007c410   Data           0  startup_lpc17xx.o(HEAP)

    Global Symbols

    Symbol Name                              Value     Ov Type        Size  Object(Section)

    BuildAttributes$$THM_ISAv4$P$D$K$B$S$PE$A:L22UL41UL21$X:L11$S22US41US21$IEEE1$IW$USESV6$~STKCKD$USESV7$~SHL$OSPACE$ROPI$EBA8$UX$STANDARDLIB$REQ8$PRES8$EABIv2 0x00000000   Number         0  anon$$obj.o ABSOLUTE
    __ARM_use_no_argv                        0x00000000   Number         0  sample.o ABSOLUTE
    __Vectors                                0x00000000   Data           4  startup_lpc17xx.o(RESET)
    _printf_flags                            0x00000000   Number         0  printf_stubs.o ABSOLUTE
    _printf_return_value                     0x00000000   Number         0  printf_stubs.o ABSOLUTE
    _printf_sizespec                         0x00000000   Number         0  printf_stubs.o ABSOLUTE
    _printf_widthprec                        0x00000000   Number         0  printf_stubs.o ABSOLUTE
    __ARM_exceptions_init                     - Undefined Weak Reference
    __alloca_initialize                       - Undefined Weak Reference
    __arm_fini_                               - Undefined Weak Reference
    __arm_preinit_                            - Undefined Weak Reference
    __cpp_initialize__aeabi_                  - Undefined Weak Reference
    __cxa_finalize                            - Undefined Weak Reference
    __rt_locale                               - Undefined Weak Reference
    __sigvec_lookup                           - Undefined Weak Reference
    _atexit_init                              - Undefined Weak Reference
    _call_atexit_fns                          - Undefined Weak Reference
    _clock_init                               - Undefined Weak Reference
    _fp_trap_init                             - Undefined Weak Reference
    _fp_trap_shutdown                         - Undefined Weak Reference
    _get_lc_collate                           - Undefined Weak Reference
    _get_lc_ctype                             - Undefined Weak Reference
    _get_lc_monetary                          - Undefined Weak Reference
    _get_lc_numeric                           - Undefined Weak Reference
    _get_lc_time                              - Undefined Weak Reference
    _getenv_init                              - Undefined Weak Reference
    _handle_redirection                       - Undefined Weak Reference
    _init_alloc                               - Undefined Weak Reference
    _init_user_alloc                          - Undefined Weak Reference
    _initio                                   - Undefined Weak Reference
    _printf_truncate_signed                   - Undefined Weak Reference
    _printf_truncate_unsigned                 - Undefined Weak Reference
    _rand_init                                - Undefined Weak Reference
    _signal_finish                            - Undefined Weak Reference
    _signal_init                              - Undefined Weak Reference
    _terminate_alloc                          - Undefined Weak Reference
    _terminate_user_alloc                     - Undefined Weak Reference
    _terminateio                              - Undefined Weak Reference
    __main                                   0x000000cd   Thumb Code     8  __main.o(!!!main)
    __scatterload                            0x000000d5   Thumb Code     0  __scatter.o(!!!scatter)
    __scatterload_rt2                        0x000000d5   Thumb Code    44  __scatter.o(!!!scatter)
    __scatterload_rt2_thumb_only             0x000000d5   Thumb Code     0  __scatter.o(!!!scatter)
    __scatterload_null                       0x000000e3   Thumb Code     0  __scatter.o(!!!scatter)
    __decompress                             0x00000109   Thumb Code    90  __dczerorl2.o(!!dczerorl2)
    __decompress1                            0x00000109   Thumb Code     0  __dczerorl2.o(!!dczerorl2)
    __scatterload_copy                       0x00000165   Thumb Code    26  __scatter_copy.o(!!handler_copy)
    __scatterload_zeroinit                   0x00000181   Thumb Code    28  __scatter_zi.o(!!handler_zi)
    _printf_d                                0x0000019d   Thumb Code     0  _printf_d.o(.ARM.Collect$$_printf_percent$$00000009)
    _printf_percent                          0x0000019d   Thumb Code     0  _printf_percent.o(.ARM.Collect$$_printf_percent$$00000000)
    _printf_percent_end                      0x000001a3   Thumb Code     0  _printf_percent_end.o(.ARM.Collect$$_printf_percent$$00000017)
    __rt_lib_init                            0x000001a7   Thumb Code     0  libinit.o(.ARM.Collect$$libinit$$00000000)
    __rt_lib_init_alloca_1                   0x000001a9   Thumb Code     0  libinit2.o(.ARM.Collect$$libinit$$0000002E)
    __rt_lib_init_argv_1                     0x000001a9   Thumb Code     0  libinit2.o(.ARM.Collect$$libinit$$0000002C)
    __rt_lib_init_atexit_1                   0x000001a9   Thumb Code     0  libinit2.o(.ARM.Collect$$libinit$$0000001B)
    __rt_lib_init_clock_1                    0x000001a9   Thumb Code     0  libinit2.o(.ARM.Collect$$libinit$$00000021)
    __rt_lib_init_cpp_1                      0x000001a9   Thumb Code     0  libinit2.o(.ARM.Collect$$libinit$$00000032)
    __rt_lib_init_exceptions_1               0x000001a9   Thumb Code     0  libinit2.o(.ARM.Collect$$libinit$$00000030)
    __rt_lib_init_fp_1                       0x000001a9   Thumb Code     0  libinit2.o(.ARM.Collect$$libinit$$00000002)
    __rt_lib_init_fp_trap_1                  0x000001a9   Thumb Code     0  libinit2.o(.ARM.Collect$$libinit$$0000001F)
    __rt_lib_init_getenv_1                   0x000001a9   Thumb Code     0  libinit2.o(.ARM.Collect$$libinit$$00000023)
    __rt_lib_init_heap_1                     0x000001a9   Thumb Code     0  libinit2.o(.ARM.Collect$$libinit$$0000000A)
    __rt_lib_init_lc_collate_1               0x000001a9   Thumb Code     0  libinit2.o(.ARM.Collect$$libinit$$00000011)
    __rt_lib_init_lc_ctype_1                 0x000001a9   Thumb Code     0  libinit2.o(.ARM.Collect$$libinit$$00000013)
    __rt_lib_init_lc_monetary_1              0x000001a9   Thumb Code     0  libinit2.o(.ARM.Collect$$libinit$$00000015)
    __rt_lib_init_lc_numeric_1               0x000001a9   Thumb Code     0  libinit2.o(.ARM.Collect$$libinit$$00000017)
    __rt_lib_init_lc_time_1                  0x000001a9   Thumb Code     0  libinit2.o(.ARM.Collect$$libinit$$00000019)
    __rt_lib_init_preinit_1                  0x000001a9   Thumb Code     0  libinit2.o(.ARM.Collect$$libinit$$00000004)
    __rt_lib_init_rand_1                     0x000001a9   Thumb Code     0  libinit2.o(.ARM.Collect$$libinit$$0000000E)
    __rt_lib_init_return                     0x000001a9   Thumb Code     0  libinit2.o(.ARM.Collect$$libinit$$00000033)
    __rt_lib_init_signal_1                   0x000001a9   Thumb Code     0  libinit2.o(.ARM.Collect$$libinit$$0000001D)
    __rt_lib_init_stdio_1                    0x000001a9   Thumb Code     0  libinit2.o(.ARM.Collect$$libinit$$00000025)
    __rt_lib_init_user_alloc_1               0x000001a9   Thumb Code     0  libinit2.o(.ARM.Collect$$libinit$$0000000C)
    __rt_lib_shutdown                        0x000001ab   Thumb Code     0  libshutdown.o(.ARM.Collect$$libshutdown$$00000000)
    __rt_lib_shutdown_cpp_1                  0x000001ad   Thumb Code     0  libshutdown2.o(.ARM.Collect$$libshutdown$$00000004)
    __rt_lib_shutdown_fini_1                 0x000001ad   Thumb Code     0  libshutdown2.o(.ARM.Collect$$libshutdown$$00000002)
    __rt_lib_shutdown_fp_trap_1              0x000001ad   Thumb Code     0  libshutdown2.o(.ARM.Collect$$libshutdown$$00000009)
    __rt_lib_shutdown_heap_1                 0x000001ad   Thumb Code     0  libshutdown2.o(.ARM.Collect$$libshutdown$$00000011)
    __rt_lib_shutdown_return                 0x000001ad   Thumb Code     0  libshutdown2.o(.ARM.Collect$$libshutdown$$00000012)
    __rt_lib_shutdown_signal_1               0x000001ad   Thumb Code     0  libshutdown2.o(.ARM.Collect$$libshutdown$$0000000C)
    __rt_lib_shutdown_stdio_1                0x000001ad   Thumb Code     0  libshutdown2.o(.ARM.Collect$$libshutdown$$00000006)
    __rt_lib_shutdown_user_alloc_1           0x000001ad   Thumb Code     0  libshutdown2.o(.ARM.Collect$$libshutdown$$0000000E)
    __rt_entry                               0x000001af   Thumb Code     0  __rtentry.o(.ARM.Collect$$rtentry$$00000000)
    __rt_entry_presh_1                       0x000001af   Thumb Code     0  __rtentry2.o(.ARM.Collect$$rtentry$$00000002)
    __rt_entry_sh                            0x000001af   Thumb Code     0  __rtentry4.o(.ARM.Collect$$rtentry$$00000004)
    __rt_entry_li                            0x000001b5   Thumb Code     0  __rtentry2.o(.ARM.Collect$$rtentry$$0000000A)
    __rt_entry_postsh_1                      0x000001b5   Thumb Code     0  __rtentry2.o(.ARM.Collect$$rtentry$$00000009)
    __rt_entry_main                          0x000001b9   Thumb Code     0  __rtentry2.o(.ARM.Collect$$rtentry$$0000000D)
    __rt_entry_postli_1                      0x000001b9   Thumb Code     0  __rtentry2.o(.ARM.Collect$$rtentry$$0000000C)
    __rt_exit                                0x000001c1   Thumb Code     0  rtexit.o(.ARM.Collect$$rtexit$$00000000)
    __rt_exit_ls                             0x000001c3   Thumb Code     0  rtexit2.o(.ARM.Collect$$rtexit$$00000003)
    __rt_exit_prels_1                        0x000001c3   Thumb Code     0  rtexit2.o(.ARM.Collect$$rtexit$$00000002)
    __rt_exit_exit                           0x000001c7   Thumb Code     0  rtexit2.o(.ARM.Collect$$rtexit$$00000004)
    Reset_Handler                            0x000001cd   Thumb Code     4  startup_lpc17xx.o(.text)
    NMI_Handler                              0x000001d1   Thumb Code     2  startup_lpc17xx.o(.text)
    HardFault_Handler                        0x000001d3   Thumb Code     2  startup_lpc17xx.o(.text)
    MemManage_Handler                        0x000001d5   Thumb Code     2  startup_lpc17xx.o(.text)
    BusFault_Handler                         0x000001d7   Thumb Code     2  startup_lpc17xx.o(.text)
    UsageFault_Handler                       0x000001d9   Thumb Code     2  startup_lpc17xx.o(.text)
    SVC_Handler                              0x000001db   Thumb Code     2  startup_lpc17xx.o(.text)
    DebugMon_Handler                         0x000001dd   Thumb Code     2  startup_lpc17xx.o(.text)
    PendSV_Handler                           0x000001df   Thumb Code     2  startup_lpc17xx.o(.text)
    SysTick_Handler                          0x000001e1   Thumb Code     2  startup_lpc17xx.o(.text)
    BOD_IRQHandler                           0x000001e3   Thumb Code     0  startup_lpc17xx.o(.text)
    CANActivity_IRQHandler                   0x000001e3   Thumb Code     0  startup_lpc17xx.o(.text)
    CAN_IRQHandler                           0x000001e3   Thumb Code     0  startup_lpc17xx.o(.text)
    DMA_IRQHandler                           0x000001e3   Thumb Code     0  startup_lpc17xx.o(.text)
    EINT0_IRQHandler                         0x000001e3   Thumb Code     0  startup_lpc17xx.o(.text)
    EINT1_IRQHandler                         0x000001e3   Thumb Code     0  startup_lpc17xx.o(.text)
    EINT2_IRQHandler                         0x000001e3   Thumb Code     0  startup_lpc17xx.o(.text)
    EINT3_IRQHandler                         0x000001e3   Thumb Code     0  startup_lpc17xx.o(.text)
    ENET_IRQHandler                          0x000001e3   Thumb Code     0  startup_lpc17xx.o(.text)
    I2C0_IRQHandler                          0x000001e3   Thumb Code     0  startup_lpc17xx.o(.text)
    I2C1_IRQHandler                          0x000001e3   Thumb Code     0  startup_lpc17xx.o(.text)
    I2C2_IRQHandler                          0x000001e3   Thumb Code     0  startup_lpc17xx.o(.text)
    I2S_IRQHandler                           0x000001e3   Thumb Code     0  startup_lpc17xx.o(.text)
    MCPWM_IRQHandler                         0x000001e3   Thumb Code     0  startup_lpc17xx.o(.text)
    PLL0_IRQHandler                          0x000001e3   Thumb Code     0  startup_lpc17xx.o(.text)
    PLL1_IRQHandler                          0x000001e3   Thumb Code     0  startup_lpc17xx.o(.text)
    PWM1_IRQHandler                          0x000001e3   Thumb Code     0  startup_lpc17xx.o(.text)
    QEI_IRQHandler                           0x000001e3   Thumb Code     0  startup_lpc17xx.o(.text)
    RTC_IRQHandler                           0x000001e3   Thumb Code     0  startup_lpc17xx.o(.text)
    SPI_IRQHandler                           0x000001e3   Thumb Code     0  startup_lpc17xx.o(.text)
    SSP0_IRQHandler                          0x000001e3   Thumb Code     0  startup_lpc17xx.o(.text)
    SSP1_IRQHandler                          0x000001e3   Thumb Code     0  startup_lpc17xx.o(.text)
    UART0_IRQHandler                         0x000001e3   Thumb Code     0  startup_lpc17xx.o(.text)
    UART1_IRQHandler                         0x000001e3   Thumb Code     0  startup_lpc17xx.o(.text)
    UART2_IRQHandler                         0x000001e3   Thumb Code     0  startup_lpc17xx.o(.text)
    UART3_IRQHandler                         0x000001e3   Thumb Code     0  startup_lpc17xx.o(.text)
    USBActivity_IRQHandler                   0x000001e3   Thumb Code     0  startup_lpc17xx.o(.text)
    USB_IRQHandler                           0x000001e3   Thumb Code     0  startup_lpc17xx.o(.text)
    WDT_IRQHandler                           0x000001e3   Thumb Code     0  startup_lpc17xx.o(.text)
    __user_initial_stackheap                 0x000001e5   Thumb Code     0  startup_lpc17xx.o(.text)
    speaker_init                             0x00000221   Thumb Code    36  sample.o(.text)
    main                                     0x00000245   Thumb Code   108  sample.o(.text)
    GetASCIICode                             0x000002c5   Thumb Code    26  asciilib.o(.text)
    __use_two_region_memory                  0x000002e5   Thumb Code     2  heapauxi.o(.text)
    __rt_heap_escrow$2region                 0x000002e7   Thumb Code     2  heapauxi.o(.text)
    __rt_heap_expand$2region                 0x000002e9   Thumb Code     2  heapauxi.o(.text)
    _sputc                                   0x000002eb   Thumb Code    10  _sputc.o(.text)
    __user_libspace                          0x000002f5   Thumb Code     8  libspace.o(.text)
    __user_perproc_libspace                  0x000002f5   Thumb Code     0  libspace.o(.text)
    __user_perthread_libspace                0x000002f5   Thumb Code     0  libspace.o(.text)
    SystemInit                               0x00000301   Thumb Code   526  system_lpc17xx.o(.text)
    TIMER0_IRQHandler                        0x0000052d   Thumb Code   292  irq_timer.o(.text)
    TIMER1_IRQHandler                        0x00000651   Thumb Code   260  irq_timer.o(.text)
    TIMER2_IRQHandler                        0x00000755   Thumb Code   130  irq_timer.o(.text)
    TIMER3_IRQHandler                        0x000007d7   Thumb Code    16  irq_timer.o(.text)
    enable_timer                             0x0000087b   Thumb Code    48  lib_timer.o(.text)
    disable_timer                            0x000008ab   Thumb Code    48  lib_timer.o(.text)
    reset_timer                              0x000008db   Thumb Code    62  lib_timer.o(.text)
    init_timer                               0x00000919   Thumb Code   106  lib_timer.o(.text)
    wait                                     0x00000f1b   Thumb Code     4  glcd.o(.text)
    LCD_WritePixel                           0x00000f1f   Thumb Code    64  glcd.o(.text)
    LCD_WriteCommand                         0x00000f5f   Thumb Code    74  glcd.o(.text)
    LCD_ClearWindow                          0x00000fa9   Thumb Code   682  glcd.o(.text)
    LCD_Clear                                0x00001253   Thumb Code  1384  glcd.o(.text)
    LCD_Initialization                       0x000017bb   Thumb Code 20214  glcd.o(.text)
    LCD_GetPoint                             0x000066cb   Thumb Code   984  glcd.o(.text)
    LCD_SetPoint                             0x00006aa3   Thumb Code   216  glcd.o(.text)
    LCD_DrawLine                             0x00006b7b   Thumb Code   250  glcd.o(.text)
    PutChar                                  0x00006c75   Thumb Code   100  glcd.o(.text)
    PutCharHorizontal                        0x00006cd9   Thumb Code   100  glcd.o(.text)
    GUI_Text                                 0x00006d3d   Thumb Code    80  glcd.o(.text)
    LCD_SetOrientation                       0x00006d8d   Thumb Code   378  glcd.o(.text)
    pixel                                    0x00006f07   Thumb Code   132  glcd.o(.text)
    LCD_DrawRectangle                        0x00006f8b   Thumb Code    58  glcd.o(.text)
    LCD_Darken                               0x00006fc5   Thumb Code   310  glcd.o(.text)
    LCD_GetPixel                             0x000070fb   Thumb Code   208  glcd.o(.text)
    draw_character                           0x000071cb   Thumb Code   174  glcd.o(.text)
    draw_character_mirror                    0x00007279   Thumb Code   174  glcd.o(.text)
    draw_lives                               0x00007327   Thumb Code   100  glcd.o(.text)
    delete_lives                             0x0000738b   Thumb Code    94  glcd.o(.text)
    go_left_anim                             0x000073e9   Thumb Code    62  glcd.o(.text)
    go_right_anim                            0x00007427   Thumb Code    48  glcd.o(.text)
    go_away_anim                             0x00007457   Thumb Code    58  glcd.o(.text)
    drop_mushroom                            0x00007491   Thumb Code   164  glcd.o(.text)
    drop_star                                0x00007535   Thumb Code   168  glcd.o(.text)
    draw_speaker                             0x000075dd   Thumb Code   122  glcd.o(.text)
    screen_setup                             0x00007657   Thumb Code   188  glcd.o(.text)
    drop_heart                               0x00007713   Thumb Code   112  glcd.o(.text)
    cuddles_animation                        0x00007783   Thumb Code   290  glcd.o(.text)
    playInit                                 0x000078bd   Thumb Code    86  tamagotchi.o(.text)
    Tamagotchi_setCounter                    0x00007913   Thumb Code    58  tamagotchi.o(.text)
    Tamagotchi_init                          0x0000794d   Thumb Code    92  tamagotchi.o(.text)
    check_exit_gameover                      0x000079a9   Thumb Code    16  tamagotchi.o(.text)
    playOver                                 0x000079b9   Thumb Code    90  tamagotchi.o(.text)
    Tamagotchi_gameover                      0x00007a13   Thumb Code   250  tamagotchi.o(.text)
    highlight_action                         0x00007b0d   Thumb Code    56  tamagotchi.o(.text)
    reset_action                             0x00007b45   Thumb Code    52  tamagotchi.o(.text)
    gotoGameover                             0x00007b79   Thumb Code    34  tamagotchi.o(.text)
    check_gameover                           0x00007b9b   Thumb Code     6  tamagotchi.o(.text)
    check_exit                               0x00007ba1   Thumb Code     6  tamagotchi.o(.text)
    playMeal                                 0x00007ba7   Thumb Code   132  tamagotchi.o(.text)
    Tamagotchi_eatMeal                       0x00007c2b   Thumb Code   406  tamagotchi.o(.text)
    playSnack                                0x00007dc1   Thumb Code   132  tamagotchi.o(.text)
    Tamagotchi_eatSnack                      0x00007e45   Thumb Code   240  tamagotchi.o(.text)
    check_status                             0x00007f35   Thumb Code    14  tamagotchi.o(.text)
    playCuddles                              0x00007f43   Thumb Code   100  tamagotchi.o(.text)
    Tamagotchi_cuddles                       0x00007fa7   Thumb Code   108  tamagotchi.o(.text)
    checkAreaTP                              0x00008013   Thumb Code    64  tamagotchi.o(.text)
    playClick                                0x00008099   Thumb Code    76  irq_rit.o(.text)
    RIT_IRQHandler                           0x000080e5   Thumb Code   398  irq_rit.o(.text)
    enable_RIT                               0x000082a5   Thumb Code    14  lib_rit.o(.text)
    disable_RIT                              0x000082b3   Thumb Code    14  lib_rit.o(.text)
    reset_RIT                                0x000082c1   Thumb Code     8  lib_rit.o(.text)
    init_RIT                                 0x000082c9   Thumb Code   134  lib_rit.o(.text)
    joystick_init                            0x00008365   Thumb Code    74  lib_joystick.o(.text)
    LPC17xx_SPI_SetSpeed                     0x000083b9   Thumb Code    16  touchpanel.o(.text)
    TP_Init                                  0x00008449   Thumb Code    30  touchpanel.o(.text)
    Read_X                                   0x000084e5   Thumb Code    42  touchpanel.o(.text)
    Read_Y                                   0x0000850f   Thumb Code    42  touchpanel.o(.text)
    TP_GetAdXY                               0x00008539   Thumb Code    34  touchpanel.o(.text)
    TP_DrawPoint                             0x0000855b   Thumb Code    20  touchpanel.o(.text)
    DrawCross                                0x0000856f   Thumb Code   356  touchpanel.o(.text)
    DeleteCross                              0x000086d3   Thumb Code   350  touchpanel.o(.text)
    Read_Ads7846                             0x00008831   Thumb Code   502  touchpanel.o(.text)
    setCalibrationMatrix                     0x00008a27   Thumb Code   356  touchpanel.o(.text)
    getDisplayPoint                          0x00008b8b   Thumb Code   262  touchpanel.o(.text)
    TouchPanel_Calibrate                     0x00008c91   Thumb Code   120  touchpanel.o(.text)
    checkVolume                              0x00008d39   Thumb Code   128  irq_adc.o(.text)
    ADC_IRQHandler                           0x00008db9   Thumb Code    40  irq_adc.o(.text)
    getVolume                                0x00008de1   Thumb Code    14  irq_adc.o(.text)
    ADC_init                                 0x00008e01   Thumb Code   112  lib_adc.o(.text)
    ADC_start_conversion                     0x00008e71   Thumb Code    14  lib_adc.o(.text)
    playNote                                 0x00008e99   Thumb Code    52  music.o(.text)
    isNotePlaying                            0x00008ecd   Thumb Code    20  music.o(.text)
    __2sprintf                               0x00008ee9   Thumb Code    34  noretval__2sprintf.o(.text)
    _printf_pre_padding                      0x00008f11   Thumb Code    44  _printf_pad.o(.text)
    _printf_post_padding                     0x00008f3d   Thumb Code    34  _printf_pad.o(.text)
    _printf_int_dec                          0x00008f61   Thumb Code   104  _printf_dec.o(.text)
    __printf                                 0x00008fd9   Thumb Code   308  __printf_flags_wp.o(.text)
    __aeabi_memcpy                           0x00009111   Thumb Code     0  rt_memcpy_v6.o(.text)
    __rt_memcpy                              0x00009111   Thumb Code   138  rt_memcpy_v6.o(.text)
    _memcpy_lastbytes                        0x00009177   Thumb Code     0  rt_memcpy_v6.o(.text)
    __aeabi_memclr4                          0x0000919b   Thumb Code     0  rt_memclr_w.o(.text)
    __aeabi_memclr8                          0x0000919b   Thumb Code     0  rt_memclr_w.o(.text)
    __rt_memclr_w                            0x0000919b   Thumb Code    78  rt_memclr_w.o(.text)
    _memset_w                                0x0000919f   Thumb Code     0  rt_memclr_w.o(.text)
    _printf_int_common                       0x000091e9   Thumb Code   178  _printf_intcommon.o(.text)
    _printf_char_common                      0x000092a7   Thumb Code    32  _printf_char_common.o(.text)
    __aeabi_memcpy4                          0x000092cd   Thumb Code     0  rt_memcpy_w.o(.text)
    __aeabi_memcpy8                          0x000092cd   Thumb Code     0  rt_memcpy_w.o(.text)
    __rt_memcpy_w                            0x000092cd   Thumb Code   100  rt_memcpy_w.o(.text)
    _memcpy_lastbytes_aligned                0x00009315   Thumb Code     0  rt_memcpy_w.o(.text)
    __user_setup_stackheap                   0x00009331   Thumb Code    74  sys_stackheap_outer.o(.text)
    exit                                     0x0000937b   Thumb Code    18  exit.o(.text)
    _sys_exit                                0x0000938d   Thumb Code     8  sys_exit.o(.text)
    __I$use$semihosting                      0x00009399   Thumb Code     0  use_no_semi.o(.text)
    __use_no_semihosting_swi                 0x00009399   Thumb Code     2  use_no_semi.o(.text)
    __semihosting_library_function           0x0000939b   Thumb Code     0  indicate_semi.o(.text)
    _is_digit                                0x0000939b   Thumb Code    14  __printf_wp.o(i._is_digit)
    __aeabi_dadd                             0x000093a9   Thumb Code     0  daddsub_clz.o(x$fpl$dadd)
    _dadd                                    0x000093a9   Thumb Code   332  daddsub_clz.o(x$fpl$dadd)
    __fpl_dcmp_Inf                           0x000094f9   Thumb Code    24  dcmpi.o(x$fpl$dcmpinf)
    __aeabi_ddiv                             0x00009511   Thumb Code     0  ddiv.o(x$fpl$ddiv)
    _ddiv                                    0x00009511   Thumb Code   552  ddiv.o(x$fpl$ddiv)
    __aeabi_cdcmpeq                          0x000097c1   Thumb Code     0  deqf.o(x$fpl$deqf)
    _dcmpeq                                  0x000097c1   Thumb Code   120  deqf.o(x$fpl$deqf)
    __aeabi_d2uiz                            0x00009839   Thumb Code     0  dfixu.o(x$fpl$dfixu)
    _dfixu                                   0x00009839   Thumb Code    90  dfixu.o(x$fpl$dfixu)
    __aeabi_i2d                              0x00009893   Thumb Code     0  dflt_clz.o(x$fpl$dflt)
    _dflt                                    0x00009893   Thumb Code    46  dflt_clz.o(x$fpl$dflt)
    __aeabi_ui2d                             0x000098c1   Thumb Code     0  dflt_clz.o(x$fpl$dfltu)
    _dfltu                                   0x000098c1   Thumb Code    38  dflt_clz.o(x$fpl$dfltu)
    __aeabi_dmul                             0x000098e9   Thumb Code     0  dmul.o(x$fpl$dmul)
    _dmul                                    0x000098e9   Thumb Code   332  dmul.o(x$fpl$dmul)
    __fpl_dnaninf                            0x00009a3d   Thumb Code   156  dnaninf.o(x$fpl$dnaninf)
    __fpl_dretinf                            0x00009ad9   Thumb Code    12  dretinf.o(x$fpl$dretinf)
    __aeabi_dsub                             0x00009ae5   Thumb Code     0  daddsub_clz.o(x$fpl$dsub)
    _dsub                                    0x00009ae5   Thumb Code   464  daddsub_clz.o(x$fpl$dsub)
    __aeabi_f2d                              0x00009cb9   Thumb Code     0  f2d.o(x$fpl$f2d)
    _f2d                                     0x00009cb9   Thumb Code    86  f2d.o(x$fpl$f2d)
    __aeabi_fdiv                             0x00009d11   Thumb Code     0  fdiv.o(x$fpl$fdiv)
    _fdiv                                    0x00009d11   Thumb Code   384  fdiv.o(x$fpl$fdiv)
    __aeabi_ui2f                             0x00009e95   Thumb Code     0  fflt_clz.o(x$fpl$ffltu)
    _ffltu                                   0x00009e95   Thumb Code    38  fflt_clz.o(x$fpl$ffltu)
    __aeabi_fmul                             0x00009ebd   Thumb Code     0  fmul.o(x$fpl$fmul)
    _fmul                                    0x00009ebd   Thumb Code   258  fmul.o(x$fpl$fmul)
    __fpl_fnaninf                            0x00009fbf   Thumb Code   140  fnaninf.o(x$fpl$fnaninf)
    __fpl_fretinf                            0x0000a04b   Thumb Code    10  fretinf.o(x$fpl$fretinf)
    __I$use$fp                               0x0000a054   Number         0  usenofp.o(x$fpl$usenofp)
    Region$$Table$$Base                      0x0000f0b0   Number         0  anon$$obj.o(Region$$Table)
    Region$$Table$$Limit                     0x0000f0f0   Number         0  anon$$obj.o(Region$$Table)
    SystemFrequency                          0x10000000   Data           4  system_lpc17xx.o(.data)
    posX_left                                0x10000004   Data           2  glcd.o(.data)
    posX_right                               0x10000006   Data           2  glcd.o(.data)
    posY_left                                0x10000008   Data           2  glcd.o(.data)
    posY_right                               0x1000000a   Data           2  glcd.o(.data)
    frame                                    0x2007c000   Data           1  irq_timer.o(.data)
    last_frame                               0x2007c001   Data           1  irq_timer.o(.data)
    count_anim                               0x2007c004   Data           4  irq_timer.o(.data)
    track                                    0x2007c008   Data           1  irq_timer.o(.data)
    count_cuddles                            0x2007c009   Data           1  irq_timer.o(.data)
    SinTable                                 0x2007c00a   Data          90  irq_timer.o(.data)
    ss                                       0x2007c06c   Data           1  tamagotchi.o(.data)
    hh                                       0x2007c06d   Data           1  tamagotchi.o(.data)
    mm                                       0x2007c06e   Data           1  tamagotchi.o(.data)
    satiety                                  0x2007c06f   Data           1  tamagotchi.o(.data)
    happiness                                0x2007c070   Data           1  tamagotchi.o(.data)
    count_happiness                          0x2007c071   Data           1  tamagotchi.o(.data)
    count_satiety                            0x2007c072   Data           1  tamagotchi.o(.data)
    flag                                     0x2007c073   Data           1  tamagotchi.o(.data)
    current_action                           0x2007c074   Data           1  tamagotchi.o(.data)
    status                                   0x2007c075   Data           1  tamagotchi.o(.data)
    curr_posX                                0x2007c076   Data           2  tamagotchi.o(.data)
    posY                                     0x2007c078   Data           2  tamagotchi.o(.data)
    direction                                0x2007c07a   Data           1  tamagotchi.o(.data)
    gameover                                 0x2007c07b   Data           1  tamagotchi.o(.data)
    init                                     0x2007c07c   Data           1  tamagotchi.o(.data)
    song                                     0x2007c08c   Data         104  tamagotchi.o(.data)
    snack                                    0x2007c0f4   Data         240  tamagotchi.o(.data)
    meal                                     0x2007c1e4   Data          64  tamagotchi.o(.data)
    over                                     0x2007c224   Data         112  tamagotchi.o(.data)
    cuddles                                  0x2007c294   Data         136  tamagotchi.o(.data)
    click                                    0x2007c31c   Data          24  irq_rit.o(.data)
    display                                  0x2007c34c   Data           4  touchpanel.o(.data)
    DisplaySample                            0x2007c350   Data          12  touchpanel.o(.data)
    AD_current                               0x2007c360   Data           2  irq_adc.o(.data)
    AD_last                                  0x2007c362   Data           2  irq_adc.o(.data)
    matrix                                   0x2007c368   Data          56  touchpanel.o(.bss)
    ScreenSample                             0x2007c3a0   Data          12  touchpanel.o(.bss)
    __libspace_start                         0x2007c3ac   Data          96  libspace.o(.bss)
    __temporary_stack_top$libspace           0x2007c40c   Data           0  libspace.o(.bss)



==============================================================================

Memory Map of the image

  Image Entry point : 0x000000cd

  Load Region LR_IROM1 (Base: 0x00000000, Size: 0x0000f468, Max: 0x00080000, ABSOLUTE, COMPRESSED[0x0000f21c])

    Execution Region ER_IROM1 (Exec base: 0x00000000, Load base: 0x00000000, Size: 0x0000f0f0, Max: 0x00080000, ABSOLUTE)

    Exec Addr    Load Addr    Size         Type   Attr      Idx    E Section Name        Object

    0x00000000   0x00000000   0x000000cc   Data   RO            3    RESET               startup_lpc17xx.o
    0x000000cc   0x000000cc   0x00000008   Code   RO          688  * !!!main             c_w.l(__main.o)
    0x000000d4   0x000000d4   0x00000034   Code   RO          909    !!!scatter          c_w.l(__scatter.o)
    0x00000108   0x00000108   0x0000005a   Code   RO          907    !!dczerorl2         c_w.l(__dczerorl2.o)
    0x00000162   0x00000162   0x00000002   PAD
    0x00000164   0x00000164   0x0000001a   Code   RO          911    !!handler_copy      c_w.l(__scatter_copy.o)
    0x0000017e   0x0000017e   0x00000002   PAD
    0x00000180   0x00000180   0x0000001c   Code   RO          913    !!handler_zi        c_w.l(__scatter_zi.o)
    0x0000019c   0x0000019c   0x00000000   Code   RO          681    .ARM.Collect$$_printf_percent$$00000000  c_w.l(_printf_percent.o)
    0x0000019c   0x0000019c   0x00000006   Code   RO          680    .ARM.Collect$$_printf_percent$$00000009  c_w.l(_printf_d.o)
    0x000001a2   0x000001a2   0x00000004   Code   RO          735    .ARM.Collect$$_printf_percent$$00000017  c_w.l(_printf_percent_end.o)
    0x000001a6   0x000001a6   0x00000002   Code   RO          775    .ARM.Collect$$libinit$$00000000  c_w.l(libinit.o)
    0x000001a8   0x000001a8   0x00000000   Code   RO          782    .ARM.Collect$$libinit$$00000002  c_w.l(libinit2.o)
    0x000001a8   0x000001a8   0x00000000   Code   RO          784    .ARM.Collect$$libinit$$00000004  c_w.l(libinit2.o)
    0x000001a8   0x000001a8   0x00000000   Code   RO          787    .ARM.Collect$$libinit$$0000000A  c_w.l(libinit2.o)
    0x000001a8   0x000001a8   0x00000000   Code   RO          789    .ARM.Collect$$libinit$$0000000C  c_w.l(libinit2.o)
    0x000001a8   0x000001a8   0x00000000   Code   RO          791    .ARM.Collect$$libinit$$0000000E  c_w.l(libinit2.o)
    0x000001a8   0x000001a8   0x00000000   Code   RO          794    .ARM.Collect$$libinit$$00000011  c_w.l(libinit2.o)
    0x000001a8   0x000001a8   0x00000000   Code   RO          796    .ARM.Collect$$libinit$$00000013  c_w.l(libinit2.o)
    0x000001a8   0x000001a8   0x00000000   Code   RO          798    .ARM.Collect$$libinit$$00000015  c_w.l(libinit2.o)
    0x000001a8   0x000001a8   0x00000000   Code   RO          800    .ARM.Collect$$libinit$$00000017  c_w.l(libinit2.o)
    0x000001a8   0x000001a8   0x00000000   Code   RO          802    .ARM.Collect$$libinit$$00000019  c_w.l(libinit2.o)
    0x000001a8   0x000001a8   0x00000000   Code   RO          804    .ARM.Collect$$libinit$$0000001B  c_w.l(libinit2.o)
    0x000001a8   0x000001a8   0x00000000   Code   RO          806    .ARM.Collect$$libinit$$0000001D  c_w.l(libinit2.o)
    0x000001a8   0x000001a8   0x00000000   Code   RO          808    .ARM.Collect$$libinit$$0000001F  c_w.l(libinit2.o)
    0x000001a8   0x000001a8   0x00000000   Code   RO          810    .ARM.Collect$$libinit$$00000021  c_w.l(libinit2.o)
    0x000001a8   0x000001a8   0x00000000   Code   RO          812    .ARM.Collect$$libinit$$00000023  c_w.l(libinit2.o)
    0x000001a8   0x000001a8   0x00000000   Code   RO          814    .ARM.Collect$$libinit$$00000025  c_w.l(libinit2.o)
    0x000001a8   0x000001a8   0x00000000   Code   RO          818    .ARM.Collect$$libinit$$0000002C  c_w.l(libinit2.o)
    0x000001a8   0x000001a8   0x00000000   Code   RO          820    .ARM.Collect$$libinit$$0000002E  c_w.l(libinit2.o)
    0x000001a8   0x000001a8   0x00000000   Code   RO          822    .ARM.Collect$$libinit$$00000030  c_w.l(libinit2.o)
    0x000001a8   0x000001a8   0x00000000   Code   RO          824    .ARM.Collect$$libinit$$00000032  c_w.l(libinit2.o)
    0x000001a8   0x000001a8   0x00000002   Code   RO          825    .ARM.Collect$$libinit$$00000033  c_w.l(libinit2.o)
    0x000001aa   0x000001aa   0x00000002   Code   RO          845    .ARM.Collect$$libshutdown$$00000000  c_w.l(libshutdown.o)
    0x000001ac   0x000001ac   0x00000000   Code   RO          858    .ARM.Collect$$libshutdown$$00000002  c_w.l(libshutdown2.o)
    0x000001ac   0x000001ac   0x00000000   Code   RO          860    .ARM.Collect$$libshutdown$$00000004  c_w.l(libshutdown2.o)
    0x000001ac   0x000001ac   0x00000000   Code   RO          862    .ARM.Collect$$libshutdown$$00000006  c_w.l(libshutdown2.o)
    0x000001ac   0x000001ac   0x00000000   Code   RO          865    .ARM.Collect$$libshutdown$$00000009  c_w.l(libshutdown2.o)
    0x000001ac   0x000001ac   0x00000000   Code   RO          868    .ARM.Collect$$libshutdown$$0000000C  c_w.l(libshutdown2.o)
    0x000001ac   0x000001ac   0x00000000   Code   RO          870    .ARM.Collect$$libshutdown$$0000000E  c_w.l(libshutdown2.o)
    0x000001ac   0x000001ac   0x00000000   Code   RO          873    .ARM.Collect$$libshutdown$$00000011  c_w.l(libshutdown2.o)
    0x000001ac   0x000001ac   0x00000002   Code   RO          874    .ARM.Collect$$libshutdown$$00000012  c_w.l(libshutdown2.o)
    0x000001ae   0x000001ae   0x00000000   Code   RO          728    .ARM.Collect$$rtentry$$00000000  c_w.l(__rtentry.o)
    0x000001ae   0x000001ae   0x00000000   Code   RO          750    .ARM.Collect$$rtentry$$00000002  c_w.l(__rtentry2.o)
    0x000001ae   0x000001ae   0x00000006   Code   RO          762    .ARM.Collect$$rtentry$$00000004  c_w.l(__rtentry4.o)
    0x000001b4   0x000001b4   0x00000000   Code   RO          752    .ARM.Collect$$rtentry$$00000009  c_w.l(__rtentry2.o)
    0x000001b4   0x000001b4   0x00000004   Code   RO          753    .ARM.Collect$$rtentry$$0000000A  c_w.l(__rtentry2.o)
    0x000001b8   0x000001b8   0x00000000   Code   RO          755    .ARM.Collect$$rtentry$$0000000C  c_w.l(__rtentry2.o)
    0x000001b8   0x000001b8   0x00000008   Code   RO          756    .ARM.Collect$$rtentry$$0000000D  c_w.l(__rtentry2.o)
    0x000001c0   0x000001c0   0x00000002   Code   RO          779    .ARM.Collect$$rtexit$$00000000  c_w.l(rtexit.o)
    0x000001c2   0x000001c2   0x00000000   Code   RO          827    .ARM.Collect$$rtexit$$00000002  c_w.l(rtexit2.o)
    0x000001c2   0x000001c2   0x00000004   Code   RO          828    .ARM.Collect$$rtexit$$00000003  c_w.l(rtexit2.o)
    0x000001c6   0x000001c6   0x00000006   Code   RO          829    .ARM.Collect$$rtexit$$00000004  c_w.l(rtexit2.o)
    0x000001cc   0x000001cc   0x00000034   Code   RO            5    .text               startup_lpc17xx.o
    0x00000200   0x00000200   0x000000c4   Code   RO           16    .text               sample.o
    0x000002c4   0x000002c4   0x00000020   Code   RO          217    .text               asciilib.o
    0x000002e4   0x000002e4   0x00000006   Code   RO          686    .text               c_w.l(heapauxi.o)
    0x000002ea   0x000002ea   0x0000000a   Code   RO          733    .text               c_w.l(_sputc.o)
    0x000002f4   0x000002f4   0x00000008   Code   RO          776    .text               c_w.l(libspace.o)
    0x000002fc   0x000002fc   0x00000004   Code   RO            4    .ARM.__at_0x02FC    startup_lpc17xx.o
    0x00000300   0x00000300   0x0000022c   Code   RO          103    .text               system_lpc17xx.o
    0x0000052c   0x0000052c   0x0000032c   Code   RO          134    .text               irq_timer.o
    0x00000858   0x00000858   0x00000138   Code   RO          192    .text               lib_timer.o
    0x00000990   0x00000990   0x00006f2c   Code   RO          237    .text               glcd.o
    0x000078bc   0x000078bc   0x000007dc   Code   RO          396    .text               tamagotchi.o
    0x00008098   0x00008098   0x0000020c   Code   RO          425    .text               irq_rit.o
    0x000082a4   0x000082a4   0x000000c0   Code   RO          475    .text               lib_rit.o
    0x00008364   0x00008364   0x00000054   Code   RO          503    .text               lib_joystick.o
    0x000083b8   0x000083b8   0x00000980   Code   RO          527    .text               touchpanel.o
    0x00008d38   0x00008d38   0x000000c8   Code   RO          561    .text               irq_adc.o
    0x00008e00   0x00008e00   0x00000098   Code   RO          597    .text               lib_adc.o
    0x00008e98   0x00008e98   0x00000050   Code   RO          621    .text               music.o
    0x00008ee8   0x00008ee8   0x00000028   Code   RO          652    .text               c_w.l(noretval__2sprintf.o)
    0x00008f10   0x00008f10   0x0000004e   Code   RO          656    .text               c_w.l(_printf_pad.o)
    0x00008f5e   0x00008f5e   0x00000002   PAD
    0x00008f60   0x00008f60   0x00000078   Code   RO          658    .text               c_w.l(_printf_dec.o)
    0x00008fd8   0x00008fd8   0x00000138   Code   RO          672    .text               c_w.l(__printf_flags_wp.o)
    0x00009110   0x00009110   0x0000008a   Code   RO          682    .text               c_w.l(rt_memcpy_v6.o)
    0x0000919a   0x0000919a   0x0000004e   Code   RO          684    .text               c_w.l(rt_memclr_w.o)
    0x000091e8   0x000091e8   0x000000b2   Code   RO          729    .text               c_w.l(_printf_intcommon.o)
    0x0000929a   0x0000929a   0x00000002   PAD
    0x0000929c   0x0000929c   0x00000030   Code   RO          731    .text               c_w.l(_printf_char_common.o)
    0x000092cc   0x000092cc   0x00000064   Code   RO          736    .text               c_w.l(rt_memcpy_w.o)
    0x00009330   0x00009330   0x0000004a   Code   RO          766    .text               c_w.l(sys_stackheap_outer.o)
    0x0000937a   0x0000937a   0x00000012   Code   RO          768    .text               c_w.l(exit.o)
    0x0000938c   0x0000938c   0x0000000c   Code   RO          837    .text               c_w.l(sys_exit.o)
    0x00009398   0x00009398   0x00000002   Code   RO          848    .text               c_w.l(use_no_semi.o)
    0x0000939a   0x0000939a   0x00000000   Code   RO          850    .text               c_w.l(indicate_semi.o)
    0x0000939a   0x0000939a   0x0000000e   Code   RO          670    i._is_digit         c_w.l(__printf_wp.o)
    0x000093a8   0x000093a8   0x00000150   Code   RO          690    x$fpl$dadd          fz_ws.l(daddsub_clz.o)
    0x000094f8   0x000094f8   0x00000018   Code   RO          738    x$fpl$dcmpinf       fz_ws.l(dcmpi.o)
    0x00009510   0x00009510   0x000002b0   Code   RO          697    x$fpl$ddiv          fz_ws.l(ddiv.o)
    0x000097c0   0x000097c0   0x00000078   Code   RO          700    x$fpl$deqf          fz_ws.l(deqf.o)
    0x00009838   0x00009838   0x0000005a   Code   RO          702    x$fpl$dfixu         fz_ws.l(dfixu.o)
    0x00009892   0x00009892   0x0000002e   Code   RO          707    x$fpl$dflt          fz_ws.l(dflt_clz.o)
    0x000098c0   0x000098c0   0x00000026   Code   RO          706    x$fpl$dfltu         fz_ws.l(dflt_clz.o)
    0x000098e6   0x000098e6   0x00000002   PAD
    0x000098e8   0x000098e8   0x00000154   Code   RO          712    x$fpl$dmul          fz_ws.l(dmul.o)
    0x00009a3c   0x00009a3c   0x0000009c   Code   RO          740    x$fpl$dnaninf       fz_ws.l(dnaninf.o)
    0x00009ad8   0x00009ad8   0x0000000c   Code   RO          742    x$fpl$dretinf       fz_ws.l(dretinf.o)
    0x00009ae4   0x00009ae4   0x000001d4   Code   RO          692    x$fpl$dsub          fz_ws.l(daddsub_clz.o)
    0x00009cb8   0x00009cb8   0x00000056   Code   RO          714    x$fpl$f2d           fz_ws.l(f2d.o)
    0x00009d0e   0x00009d0e   0x00000002   PAD
    0x00009d10   0x00009d10   0x00000184   Code   RO          717    x$fpl$fdiv          fz_ws.l(fdiv.o)
    0x00009e94   0x00009e94   0x00000026   Code   RO          720    x$fpl$ffltu         fz_ws.l(fflt_clz.o)
    0x00009eba   0x00009eba   0x00000002   PAD
    0x00009ebc   0x00009ebc   0x00000102   Code   RO          726    x$fpl$fmul          fz_ws.l(fmul.o)
    0x00009fbe   0x00009fbe   0x0000008c   Code   RO          744    x$fpl$fnaninf       fz_ws.l(fnaninf.o)
    0x0000a04a   0x0000a04a   0x0000000a   Code   RO          746    x$fpl$fretinf       fz_ws.l(fretinf.o)
    0x0000a054   0x0000a054   0x00000000   Code   RO          748    x$fpl$usenofp       fz_ws.l(usenofp.o)
    0x0000a054   0x0000a054   0x000005f0   Data   RO          218    .constdata          asciilib.o
    0x0000a644   0x0000a644   0x00004a4e   Data   RO          238    .constdata          glcd.o
    0x0000f092   0x0000f092   0x00000011   Data   RO          673    .constdata          c_w.l(__printf_flags_wp.o)
    0x0000f0a3   0x0000f0a3   0x00000001   PAD
    0x0000f0a4   0x0000f0a4   0x00000009   Data   RO          397    .conststring        tamagotchi.o
    0x0000f0ad   0x0000f0ad   0x00000003   PAD
    0x0000f0b0   0x0000f0b0   0x00000040   Data   RO          905    Region$$Table       anon$$obj.o


    Execution Region RW_IRAM1 (Exec base: 0x10000000, Load base: 0x0000f0f0, Size: 0x00000410, Max: 0x00008000, ABSOLUTE)

    Exec Addr    Load Addr    Size         Type   Attr      Idx    E Section Name        Object

    0x10000000   0x0000f0f0   0x00000004   Data   RW          104    .data               system_lpc17xx.o
    0x10000004   0x0000f0f4   0x00000009   Data   RW          239    .data               glcd.o
    0x1000000d   0x0000f0fd   0x00000003   PAD
    0x10000010        -       0x00000400   Zero   RW            1    STACK               startup_lpc17xx.o


    Execution Region RW_IRAM2 (Exec base: 0x2007c000, Load base: 0x0000f100, Size: 0x00000410, Max: 0x00008000, ABSOLUTE, COMPRESSED[0x0000011c])

    Exec Addr    Load Addr    Size         Type   Attr      Idx    E Section Name        Object

    0x2007c000   COMPRESSED   0x0000006c   Data   RW          135    .data               irq_timer.o
    0x2007c06c   COMPRESSED   0x000002b0   Data   RW          398    .data               tamagotchi.o
    0x2007c31c   COMPRESSED   0x00000030   Data   RW          426    .data               irq_rit.o
    0x2007c34c   COMPRESSED   0x00000014   Data   RW          529    .data               touchpanel.o
    0x2007c360   COMPRESSED   0x00000005   Data   RW          562    .data               irq_adc.o
    0x2007c365   COMPRESSED   0x00000003   PAD
    0x2007c368        -       0x00000044   Zero   RW          528    .bss                touchpanel.o
    0x2007c3ac        -       0x00000060   Zero   RW          777    .bss                c_w.l(libspace.o)
    0x2007c40c   COMPRESSED   0x00000004   PAD
    0x2007c410        -       0x00000000   Zero   RW            2    HEAP                startup_lpc17xx.o


==============================================================================

Image component sizes


      Code (inc. data)   RO Data    RW Data    ZI Data      Debug   Object Name

        32          6       1520          0          0       1019   asciilib.o
     28460        306      19022          9          0      74013   glcd.o
       200         18          0          5          0       1156   irq_adc.o
       524         50          0         48          0       2731   irq_rit.o
       812        114          0        108          0      19505   irq_timer.o
       152         26          0          0          0        848   lib_adc.o
        84         10          0          0          0        440   lib_joystick.o
       192         22          0          0          0      27539   lib_rit.o
       312         14          0          0          0       1548   lib_timer.o
        80          8          0          0          0       1517   music.o
       196         20          0          0          0      23100   sample.o
        56         22        204          0       1024       1000   startup_lpc17xx.o
       556         30          0          4          0        811   system_lpc17xx.o
      2012        244          9        688          0       6064   tamagotchi.o
      2432         72          0         20         68       6146   touchpanel.o

    ----------------------------------------------------------------------
     36100        962      20822        888       1092     167437   Object Totals
         0          0         64          0          0          0   (incl. Generated)
         0          0          3          6          0          0   (incl. Padding)

    ----------------------------------------------------------------------

      Code (inc. data)   RO Data    RW Data    ZI Data      Debug   Library Member Name

        90          0          0          0          0          0   __dczerorl2.o
         8          0          0          0          0         68   __main.o
       312          4         17          0          0         92   __printf_flags_wp.o
        14          0          0          0          0         68   __printf_wp.o
         0          0          0          0          0          0   __rtentry.o
        12          0          0          0          0          0   __rtentry2.o
         6          0          0          0          0          0   __rtentry4.o
        52          8          0          0          0          0   __scatter.o
        26          0          0          0          0          0   __scatter_copy.o
        28          0          0          0          0          0   __scatter_zi.o
        48          6          0          0          0         96   _printf_char_common.o
         6          0          0          0          0          0   _printf_d.o
       120         16          0          0          0         92   _printf_dec.o
       178          0          0          0          0         88   _printf_intcommon.o
        78          0          0          0          0        108   _printf_pad.o
         0          0          0          0          0          0   _printf_percent.o
         4          0          0          0          0          0   _printf_percent_end.o
        10          0          0          0          0         68   _sputc.o
        18          0          0          0          0         80   exit.o
         6          0          0          0          0        152   heapauxi.o
         0          0          0          0          0          0   indicate_semi.o
         2          0          0          0          0          0   libinit.o
         2          0          0          0          0          0   libinit2.o
         2          0          0          0          0          0   libshutdown.o
         2          0          0          0          0          0   libshutdown2.o
         8          4          0          0         96         68   libspace.o
        40          6          0          0          0         84   noretval__2sprintf.o
        78          0          0          0          0         80   rt_memclr_w.o
       138          0          0          0          0         68   rt_memcpy_v6.o
       100          0          0          0          0         80   rt_memcpy_w.o
         2          0          0          0          0          0   rtexit.o
        10          0          0          0          0          0   rtexit2.o
        12          4          0          0          0         68   sys_exit.o
        74          0          0          0          0         80   sys_stackheap_outer.o
         2          0          0          0          0         68   use_no_semi.o
       804         16          0          0          0        272   daddsub_clz.o
        24          0          0          0          0         68   dcmpi.o
       688        140          0          0          0        208   ddiv.o
       120          4          0          0          0         92   deqf.o
        90          4          0          0          0         92   dfixu.o
        84          0          0          0          0        136   dflt_clz.o
       340         12          0          0          0        104   dmul.o
       156          4          0          0          0         92   dnaninf.o
        12          0          0          0          0         68   dretinf.o
        86          4          0          0          0         84   f2d.o
       388         76          0          0          0         96   fdiv.o
        38          0          0          0          0         68   fflt_clz.o
       258          4          0          0          0         84   fmul.o
       140          4          0          0          0         84   fnaninf.o
        10          0          0          0          0         68   fretinf.o
         0          0          0          0          0          0   usenofp.o

    ----------------------------------------------------------------------
      4740        316         18          0        100       3124   Library Totals
        14          0          1          0          4          0   (incl. Padding)

    ----------------------------------------------------------------------

      Code (inc. data)   RO Data    RW Data    ZI Data      Debug   Library Name

      1488         48         17          0         96       1508   c_w.l
      3238        268          0          0          0       1616   fz_ws.l

    ----------------------------------------------------------------------
      4740        316         18          0        100       3124   Library Totals

    ----------------------------------------------------------------------

==============================================================================


      Code (inc. data)   RO Data    RW Data    ZI Data      Debug   

     40840       1278      20840        888       1192     167973   Grand Totals
     40840       1278      20840        300       1192     167973   ELF Image Totals (compressed)
     40840       1278      20840        300          0          0   ROM Totals

==============================================================================

    Total RO  Size (Code + RO Data)                61680 (  60.23kB)
    Total RW  Size (RW Data + ZI Data)              2080 (   2.03kB)
    Total ROM Size (Code + RO Data + RW Data)      61980 (  60.53kB)

==============================================================================

