<html>
<body>
<pre>
<h1>µVision Build Log</h1>
<h2>Tool Versions:</h2>
IDE-Version: µVision V5.36.0.0
Copyright (C) 2021 ARM Ltd and ARM Germany GmbH. All rights reserved.
License Information: Labinf Dauin Politecnico di Torino Flex license: MDK Professional 5.36 (Flex) (mdk_pro) Operation stops: 10 Mar 2024
 
Tool Versions:
Toolchain:       MDK Professional 5.36 (Flex)  Version: 5.36.0.0
Toolchain Path:  C:\Keil_v5\ARM\ARMCC\Bin
C Compiler:      Armcc.exe V5.06 update 7 (build 960)
Assembler:       Armasm.exe V5.06 update 7 (build 960)
Linker/Locator:  ArmLink.exe V5.06 update 7 (build 960)
Library Manager: ArmAr.exe V5.06 update 7 (build 960)
Hex Converter:   FromElf.exe V5.06 update 7 (build 960)
CPU DLL:         SARMCM3.DLL V5.36.0.0
Dialog DLL:      DARMP1.DLL V1.27.0.0
Target DLL:      UL2CM3.DLL V1.164.0.0
Dialog DLL:      TARMP1.DLL V1.26.0.0
 
<h2>Project:</h2>
C:\Users\s314796\Desktop\tamagotchi_board_last_version\sample.uvprojx
Project File Date:  01/18/2023

<h2>Output:</h2>
*** Using Compiler 'V5.06 update 7 (build 960)', folder: 'C:\Keil_v5\ARM\ARMCC\Bin'
Rebuild target 'Target 1'
assembling startup_LPC17xx.s...
compiling core_cm3.c...
compiling system_LPC17xx.c...
compiling sample.c...
compiling IRQ_timer.c...
compiling AsciiLib.c...
compiling lib_timer.c...
compiling frame0.c...
GLCD\frame0.c(7): warning:  #177-D: variable "FRAME0_pixel_data"  was declared but never referenced
  static const unsigned char FRAME0_pixel_data[30 * 47 * 2 + 1] =
GLCD\frame0.c: 1 warning, 0 errors
compiling frame1.c...
GLCD\frame1.c(7): warning:  #177-D: variable "FRAME1_pixel_data"  was declared but never referenced
  static const unsigned char FRAME1_pixel_data[30 * 47 * 2 + 1] =
GLCD\frame1.c: 1 warning, 0 errors
compiling mushroom.c...
GLCD\mushroom.c(7): warning:  #177-D: variable "MUSHROOM_pixel_data"  was declared but never referenced
  static const unsigned char MUSHROOM_pixel_data[20 * 20 * 2 + 1] =
GLCD\mushroom.c: 1 warning, 0 errors
compiling frame2.c...
GLCD\frame2.c(7): warning:  #177-D: variable "FRAME2_pixel_data"  was declared but never referenced
  static const unsigned char FRAME2_pixel_data[30 * 47 * 2 + 1] =
GLCD\frame2.c: 1 warning, 0 errors
compiling star.c...
GLCD\star.c(7): warning:  #177-D: variable "STAR_pixel_data"  was declared but never referenced
  static const unsigned char STAR_pixel_data[20 * 19 * 2 + 1] =
GLCD\star.c: 1 warning, 0 errors
compiling heart.c...
GLCD\heart.c(7): warning:  #177-D: variable "HEART_pixel_data"  was declared but never referenced
  static const unsigned char HEART_pixel_data[20 * 20 * 2 + 1] =
GLCD\heart.c: 1 warning, 0 errors
compiling volume_inactive.c...
GLCD\volume_inactive.c(7): warning:  #177-D: variable "VOLUME_INACTIVE_pixel_data"  was declared but never referenced
  static const unsigned char VOLUME_INACTIVE_pixel_data[32 * 32 * 2 + 1] =
GLCD\volume_inactive.c: 1 warning, 0 errors
compiling volume_low.c...
GLCD\volume_low.c(7): warning:  #177-D: variable "VOLUME_LOW_pixel_data"  was declared but never referenced
  static const unsigned char VOLUME_LOW_pixel_data[32 * 32 * 2 + 1] =
GLCD\volume_low.c: 1 warning, 0 errors
compiling volume_max.c...
GLCD\volume_max.c(7): warning:  #177-D: variable "VOLUME_MAX_pixel_data"  was declared but never referenced
  static const unsigned char VOLUME_MAX_pixel_data[32 * 32 * 2 + 1] =
GLCD\volume_max.c: 1 warning, 0 errors
compiling volume_mid.c...
GLCD\volume_mid.c(7): warning:  #177-D: variable "VOLUME_MID_pixel_data"  was declared but never referenced
  static const unsigned char VOLUME_MID_pixel_data[32 * 32 * 2 + 1] =
GLCD\volume_mid.c: 1 warning, 0 errors
compiling HzLib.c...
compiling IRQ_RIT.c...
compiling tamagotchi.c...
compiling lib_RIT.c...
compiling lib_joystick.c...
compiling IRQ_adc.c...
compiling lib_adc.c...
compiling TouchPanel.c...
compiling music.c...
compiling GLCD.c...
linking...
Program Size: Code=40840 RO-data=20840 RW-data=888 ZI-data=1192  
".\sample.axf" - 0 Error(s), 10 Warning(s).

<h2>Software Packages used:</h2>

Package Vendor: ARM
                http://www.keil.com/pack/ARM.CMSIS.5.8.0.pack
                ARM.CMSIS.5.8.0
                CMSIS (Common Microcontroller Software Interface Standard)
   * Component: CORE Version: 5.5.0

Package Vendor: Keil
                http://www.keil.com/pack/Keil.LPC1700_DFP.2.7.1.pack
                Keil.LPC1700_DFP.2.7.1
                NXP LPC1700 Series Device Support, Drivers and Examples for MCB1700 and LPC1788-32

<h2>Collection of Component include folders:</h2>
  .\RTE\_Target_1
  C:\Keil_v5\ARM\PACK\ARM\CMSIS\5.8.0\CMSIS\Core\Include
  C:\Keil_v5\ARM\PACK\Keil\LPC1700_DFP\2.7.1\Device\Include

<h2>Collection of Component Files used:</h2>

   * Component: ARM::CMSIS:CORE:5.5.0
Build Time Elapsed:  00:00:02
</pre>
</body>
</html>
